Archive member included to satisfy reference by file (symbol)

src/fatfs/libfatfs.a(ff.c.o)  src/CMakeFiles/st506.dir/storage.c.o (f_mount)
src/sdlib/libsdlib.a(sd.c.o)  src/CMakeFiles/st506.dir/diskio.c.o (sd_init)
src/sdlib/libsdlib.a(sd_spi.c.o)
                              src/CMakeFiles/st506.dir/pico506.c.o (sd_spi_init)
/home/timo/.pico-sdk/toolchain/14_2_Rel1/bin/../lib/gcc/arm-none-eabi/14.2.1/../../../../arm-none-eabi/lib/thumb/v8-m.main+fp/softfp/libm.a(libm_a-wf_sqrt.o)
                              src/CMakeFiles/st506.dir/home/timo/.pico-sdk/sdk/2.2.0/src/rp2_common/pico_float/float_math.c.o (sqrtf)
/home/timo/.pico-sdk/toolchain/14_2_Rel1/bin/../lib/gcc/arm-none-eabi/14.2.1/../../../../arm-none-eabi/lib/thumb/v8-m.main+fp/softfp/libm.a(libm_a-ef_sqrt.o)
                              /home/timo/.pico-sdk/toolchain/14_2_Rel1/bin/../lib/gcc/arm-none-eabi/14.2.1/../../../../arm-none-eabi/lib/thumb/v8-m.main+fp/softfp/libm.a(libm_a-wf_sqrt.o) (__ieee754_sqrtf)
/home/timo/.pico-sdk/toolchain/14_2_Rel1/bin/../lib/gcc/arm-none-eabi/14.2.1/thumb/v8-m.main+fp/softfp/libgcc.a(_arm_addsubdf3.o)
                              src/CMakeFiles/st506.dir/home/timo/.pico-sdk/sdk/2.2.0/src/rp2_common/pico_float/float_math.c.o (__aeabi_f2d)
/home/timo/.pico-sdk/toolchain/14_2_Rel1/bin/../lib/gcc/arm-none-eabi/14.2.1/thumb/v8-m.main+fp/softfp/libgcc.a(_aeabi_ldivmod.o)
                              src/CMakeFiles/st506.dir/home/timo/.pico-sdk/sdk/2.2.0/src/common/pico_time/time.c.o (__aeabi_ldivmod)
/home/timo/.pico-sdk/toolchain/14_2_Rel1/bin/../lib/gcc/arm-none-eabi/14.2.1/thumb/v8-m.main+fp/softfp/libgcc.a(_aeabi_uldivmod.o)
                              src/CMakeFiles/st506.dir/home/timo/.pico-sdk/sdk/2.2.0/src/rp2_common/hardware_clocks/clocks.c.o (__aeabi_uldivmod)
/home/timo/.pico-sdk/toolchain/14_2_Rel1/bin/../lib/gcc/arm-none-eabi/14.2.1/thumb/v8-m.main+fp/softfp/libgcc.a(_udivmoddi4.o)
                              /home/timo/.pico-sdk/toolchain/14_2_Rel1/bin/../lib/gcc/arm-none-eabi/14.2.1/thumb/v8-m.main+fp/softfp/libgcc.a(_aeabi_ldivmod.o) (__udivmoddi4)
/home/timo/.pico-sdk/toolchain/14_2_Rel1/bin/../lib/gcc/arm-none-eabi/14.2.1/thumb/v8-m.main+fp/softfp/libgcc.a(_dvmd_tls.o)
                              /home/timo/.pico-sdk/toolchain/14_2_Rel1/bin/../lib/gcc/arm-none-eabi/14.2.1/thumb/v8-m.main+fp/softfp/libgcc.a(_aeabi_ldivmod.o) (__aeabi_ldiv0)
/home/timo/.pico-sdk/toolchain/14_2_Rel1/bin/../lib/gcc/arm-none-eabi/14.2.1/../../../../arm-none-eabi/lib/thumb/v8-m.main+fp/softfp/libg.a(libc_a-calloc.o)
                              src/CMakeFiles/st506.dir/home/timo/.pico-sdk/sdk/2.2.0/src/rp2_common/pico_malloc/malloc.c.o (calloc)
/home/timo/.pico-sdk/toolchain/14_2_Rel1/bin/../lib/gcc/arm-none-eabi/14.2.1/../../../../arm-none-eabi/lib/thumb/v8-m.main+fp/softfp/libg.a(libc_a-callocr.o)
                              /home/timo/.pico-sdk/toolchain/14_2_Rel1/bin/../lib/gcc/arm-none-eabi/14.2.1/../../../../arm-none-eabi/lib/thumb/v8-m.main+fp/softfp/libg.a(libc_a-calloc.o) (_calloc_r)
/home/timo/.pico-sdk/toolchain/14_2_Rel1/bin/../lib/gcc/arm-none-eabi/14.2.1/../../../../arm-none-eabi/lib/thumb/v8-m.main+fp/softfp/libg.a(libc_a-malloc.o)
                              src/CMakeFiles/st506.dir/home/timo/.pico-sdk/sdk/2.2.0/src/rp2_common/pico_malloc/malloc.c.o (malloc)
/home/timo/.pico-sdk/toolchain/14_2_Rel1/bin/../lib/gcc/arm-none-eabi/14.2.1/../../../../arm-none-eabi/lib/thumb/v8-m.main+fp/softfp/libg.a(libc_a-mallocr.o)
                              /home/timo/.pico-sdk/toolchain/14_2_Rel1/bin/../lib/gcc/arm-none-eabi/14.2.1/../../../../arm-none-eabi/lib/thumb/v8-m.main+fp/softfp/libg.a(libc_a-callocr.o) (_malloc_r)
/home/timo/.pico-sdk/toolchain/14_2_Rel1/bin/../lib/gcc/arm-none-eabi/14.2.1/../../../../arm-none-eabi/lib/thumb/v8-m.main+fp/softfp/libg.a(libc_a-mlock.o)
                              /home/timo/.pico-sdk/toolchain/14_2_Rel1/bin/../lib/gcc/arm-none-eabi/14.2.1/../../../../arm-none-eabi/lib/thumb/v8-m.main+fp/softfp/libg.a(libc_a-mallocr.o) (__malloc_lock)
/home/timo/.pico-sdk/toolchain/14_2_Rel1/bin/../lib/gcc/arm-none-eabi/14.2.1/../../../../arm-none-eabi/lib/thumb/v8-m.main+fp/softfp/libg.a(libc_a-rand.o)
                              src/CMakeFiles/st506.dir/clicker.c.o (srand)
/home/timo/.pico-sdk/toolchain/14_2_Rel1/bin/../lib/gcc/arm-none-eabi/14.2.1/../../../../arm-none-eabi/lib/thumb/v8-m.main+fp/softfp/libg.a(libc_a-realloc.o)
                              src/CMakeFiles/st506.dir/home/timo/.pico-sdk/sdk/2.2.0/src/rp2_common/pico_malloc/malloc.c.o (realloc)
/home/timo/.pico-sdk/toolchain/14_2_Rel1/bin/../lib/gcc/arm-none-eabi/14.2.1/../../../../arm-none-eabi/lib/thumb/v8-m.main+fp/softfp/libg.a(libc_a-reallocr.o)
                              /home/timo/.pico-sdk/toolchain/14_2_Rel1/bin/../lib/gcc/arm-none-eabi/14.2.1/../../../../arm-none-eabi/lib/thumb/v8-m.main+fp/softfp/libg.a(libc_a-realloc.o) (_realloc_r)
[...]
Memory Configuration

Name             Origin             Length             Attributes
FLASH            0x10000000         0x00400000         xr
RAM              0x20000000         0x00080000         xrw
SCRATCH_X        0x20080000         0x00001000         xrw
SCRATCH_Y        0x20081000         0x00001000         xrw
*default*        0x00000000         0xffffffff

Linker script and memory map

LOAD /home/timo/.pico-sdk/toolchain/14_2_Rel1/bin/../lib/gcc/arm-none-eabi/14.2.1/thumb/v8-m.main+fp/softfp/crti.o
LOAD /home/timo/.pico-sdk/toolchain/14_2_Rel1/bin/../lib/gcc/arm-none-eabi/14.2.1/thumb/v8-m.main+fp/softfp/crtbegin.o
LOAD /home/timo/.pico-sdk/toolchain/14_2_Rel1/bin/../lib/gcc/arm-none-eabi/14.2.1/../../../../arm-none-eabi/lib/thumb/v8-m.main+fp/softfp/crt0.o

.flash_begin    0x10000000        0x0
                0x10000000                        __flash_binary_start = .

.text           0x10000000     0xb120
                0x10000000                        __logical_binary_start = .
 *(.vectors)
 .vectors       0x10000000      0x124 src/CMakeFiles/st506.dir/home/timo/.pico-sdk/sdk/2.2.0/src/rp2_common/pico_crt0/crt0.S.o
                0x10000000                __vectors
                0x10000000                __VECTOR_TABLE
                0x10000110                isr_securefault
                0x10000110                isr_irq30
                0x10000110                __unhandled_user_irq
                0x10000110                isr_irq49
                0x10000110                isr_irq13
                0x10000110                isr_irq43
                0x10000110                isr_irq45
                0x10000110                isr_irq27
                0x10000110                isr_irq32
                0x10000110                isr_irq31
                0x10000110                isr_irq5
                0x10000110                isr_irq11
                0x10000110                isr_irq23
                0x10000110                isr_usagefault
                0x10000110                isr_irq48
                0x10000110                isr_irq35
                0x10000110                isr_irq18
                0x10000110                isr_irq50
                0x10000110                isr_irq40
                0x10000110                isr_irq28
                0x10000110                isr_irq19
                0x10000110                isr_irq36
                0x10000110                isr_irq41
                0x10000110                isr_irq0
                0x10000110                isr_irq6
                0x10000110                isr_memmanage
                0x10000110                isr_irq37
                0x10000110                isr_irq42
                0x10000110                isr_irq22
                0x10000110                isr_irq17
                0x10000110                isr_irq38
                0x10000110                isr_irq14
                0x10000110                __vectors_end
                0x10000110                __default_isrs_start
                0x10000110                isr_irq2
                0x10000110                isr_irq10
                0x10000110                isr_irq8
                0x10000110                isr_debugmonitor
                0x10000110                isr_irq24
                0x10000110                isr_irq46
                0x10000110                isr_irq1
                0x10000110                isr_irq47
                0x10000110                isr_irq51
                0x10000110                isr_irq7
                0x10000110                isr_irq21
                0x10000110                isr_irq39
                0x10000110                isr_irq20
                0x10000110                isr_irq15
                0x10000110                isr_irq25
                0x10000110                isr_irq34
                0x10000110                isr_irq4
                0x10000110                isr_busfault
                0x10000110                isr_irq16
                0x10000110                isr_irq44
                0x10000110                isr_irq29
                0x10000110                isr_irq26
                0x10000110                isr_irq33
                0x10000110                isr_irq3
                0x10000110                isr_irq12
                0x10000110                isr_irq9
                0x10000116                unhandled_user_irq_num_in_r0
                0x10000118                isr_invalid
                0x1000011a                isr_nmi
                0x1000011c                isr_hardfault
                0x1000011e                isr_svcall
                0x10000120                isr_pendsv
                0x10000122                isr_systick
                0x10000124                __default_isrs_end
 *(.binary_info_header)
 .binary_info_header
                0x10000124       0x14 src/CMakeFiles/st506.dir/home/timo/.pico-sdk/sdk/2.2.0/src/rp2_common/pico_crt0/crt0.S.o
                0x10000138                        __binary_info_header_end = .
 *(.embedded_block)
 .embedded_block
                0x10000138       0x14 src/CMakeFiles/st506.dir/home/timo/.pico-sdk/sdk/2.2.0/src/rp2_common/pico_crt0/crt0.S.o
                0x1000014c                        __embedded_block_end = .
 *(.reset)
 .reset         0x1000014c       0x98 src/CMakeFiles/st506.dir/home/timo/.pico-sdk/sdk/2.2.0/src/rp2_common/pico_crt0/crt0.S.o
                0x1000014c                _entry_point
 *(.init)
 .init          0x100001e4        0x4 /home/timo/.pico-sdk/toolchain/14_2_Rel1/bin/../lib/gcc/arm-none-eabi/14.2.1/thumb/v8-m.main+fp/softfp/crti.o
                0x100001e4                _init
 *libgcc.a:cmse_nonsecure_call.o()
 *(EXCLUDE_FILE(*libm.a: *libc.a:*lib_a-mem*.o *libgcc.a:) .text*)
 .text.register_tm_clones
                0x100001e8       0x28 /home/timo/.pico-sdk/toolchain/14_2_Rel1/bin/../lib/gcc/arm-none-eabi/14.2.1/thumb/v8-m.main+fp/softfp/crtbegin.o
 .text.frame_dummy
                0x10000210       0x24 /home/timo/.pico-sdk/toolchain/14_2_Rel1/bin/../lib/gcc/arm-none-eabi/14.2.1/thumb/v8-m.main+fp/softfp/crtbegin.o
 .text.clicker_start
                0x10000234       0x24 src/CMakeFiles/st506.dir/clicker.c.o
                0x10000234                clicker_start
 .text.clicker_enqueue
                0x10000258        0x8 src/CMakeFiles/st506.dir/clicker.c.o
                0x10000258                clicker_enqueue
 .text.clicker_pulse
                0x10000260       0xa8 src/CMakeFiles/st506.dir/clicker.c.o
                0x10000260                clicker_pulse
 .text.clicker_main
                0x10000308       0xd8 src/CMakeFiles/st506.dir/clicker.c.o
 .text.disk_set_sd
                0x100003e0        0xc src/CMakeFiles/st506.dir/diskio.c.o
                0x100003e0                disk_set_sd
 .text.disk_status
                0x100003ec       0x18 src/CMakeFiles/st506.dir/diskio.c.o
                0x100003ec                disk_status
 .text.disk_initialize
                0x10000404       0x38 src/CMakeFiles/st506.dir/diskio.c.o
                0x10000404                disk_initialize
 .text.disk_read
                0x1000043c       0x30 src/CMakeFiles/st506.dir/diskio.c.o
                0x1000043c                disk_read
 .text.disk_write
                0x1000046c       0x30 src/CMakeFiles/st506.dir/diskio.c.o
                0x1000046c                disk_write
 .text.disk_ioctl
                0x1000049c       0x18 src/CMakeFiles/st506.dir/diskio.c.o
                0x1000049c                disk_ioctl
 *fill*         0x100004b4        0x4 
 .text.startup.main
                0x100004b8       0xfc src/CMakeFiles/st506.dir/pico506.c.o
                0x100004b8                main
 .text.st506_interrupt_check
                0x100005b4       0x18 src/CMakeFiles/st506.dir/st506.c.o
                0x100005b4                st506_interrupt_check
 .text.st506_on_head.part.0
                0x100005cc       0xd8 src/CMakeFiles/st506.dir/st506.c.o
 .text.st506_head_irq
                0x100006a4       0x20 src/CMakeFiles/st506.dir/st506.c.o
 .text.st506_stop
                0x100006c4      0x1d8 src/CMakeFiles/st506.dir/st506.c.o
                0x100006c4                st506_stop
 .text.st506_do_write
                0x1000089c      0x130 src/CMakeFiles/st506.dir/st506.c.o
                0x1000089c                st506_do_write
 .text.st506_on_seek
                0x100009cc      0x10c src/CMakeFiles/st506.dir/st506.c.o
                0x100009cc                st506_on_seek
 .text.st506_start
                0x10000ad8      0x864 src/CMakeFiles/st506.dir/st506.c.o
                0x10000ad8                st506_start
 .text.st506_loop
                0x1000133c       0xd4 src/CMakeFiles/st506.dir/st506.c.o
                0x1000133c                st506_loop
 .text.storage_init
                0x10001410       0xc4 src/CMakeFiles/st506.dir/storage.c.o
                0x10001410                storage_init
 .text.storage_open
                0x100014d4       0x80 src/CMakeFiles/st506.dir/storage.c.o
                0x100014d4                storage_open
 .text.storage_close
                0x10001554       0x24 src/CMakeFiles/st506.dir/storage.c.o
                0x10001554                storage_close
 .text.storage_read
                0x10001578       0x74 src/CMakeFiles/st506.dir/storage.c.o
                0x10001578                storage_read
 .text.storage_write
                0x100015ec       0x58 src/CMakeFiles/st506.dir/storage.c.o
                0x100015ec                storage_write
 .text.gpio_default_irq_handler
                0x10001644      0x1d4 src/CMakeFiles/st506.dir/home/timo/.pico-sdk/sdk/2.2.0/src/rp2_common/hardware_gpio/gpio.c.o
 .text.gpio_set_function
                0x10001818       0x3c src/CMakeFiles/st506.dir/home/timo/.pico-sdk/sdk/2.2.0/src/rp2_common/hardware_gpio/gpio.c.o
                0x10001818                gpio_set_function
 .text.gpio_set_pulls
                0x10001854       0x28 src/CMakeFiles/st506.dir/home/timo/.pico-sdk/sdk/2.2.0/src/rp2_common/hardware_gpio/gpio.c.o
                0x10001854                gpio_set_pulls
 .text.gpio_set_irq_enabled_with_callback
                0x1000187c       0xa8 src/CMakeFiles/st506.dir/home/timo/.pico-sdk/sdk/2.2.0/src/rp2_common/hardware_gpio/gpio.c.o
                0x1000187c                gpio_set_irq_enabled_with_callback
 .text.gpio_init_mask
                0x10001924       0x5c src/CMakeFiles/st506.dir/home/timo/.pico-sdk/sdk/2.2.0/src/rp2_common/hardware_gpio/gpio.c.o
                0x10001924                gpio_init_mask
 .text.panic    0x10001980       0x30 src/CMakeFiles/st506.dir/home/timo/.pico-sdk/sdk/2.2.0/src/rp2_common/pico_platform_panic/panic.c.o
                0x10001980                panic
 .text.hw_claim_lock
                0x100019b0       0x24 src/CMakeFiles/st506.dir/home/timo/.pico-sdk/sdk/2.2.0/src/common/hardware_claim/claim.c.o
                0x100019b0                hw_claim_lock
 .text.hw_claim_unlock
                0x100019d4       0x14 src/CMakeFiles/st506.dir/home/timo/.pico-sdk/sdk/2.2.0/src/common/hardware_claim/claim.c.o
                0x100019d4                hw_claim_unlock
 .text.hw_claim_or_assert
                0x100019e8       0x58 src/CMakeFiles/st506.dir/home/timo/.pico-sdk/sdk/2.2.0/src/common/hardware_claim/claim.c.o
                0x100019e8                hw_claim_or_assert
 .text.hw_claim_unused_from_range
                0x10001a40       0x80 src/CMakeFiles/st506.dir/home/timo/.pico-sdk/sdk/2.2.0/src/common/hardware_claim/claim.c.o
                0x10001a40                hw_claim_unused_from_range
 .text.hw_claim_clear
                0x10001ac0       0x50 src/CMakeFiles/st506.dir/home/timo/.pico-sdk/sdk/2.2.0/src/common/hardware_claim/claim.c.o
                0x10001ac0                hw_claim_clear
 .text.next_striped_spin_lock_num
                0x10001b10       0x18 src/CMakeFiles/st506.dir/home/timo/.pico-sdk/sdk/2.2.0/src/rp2_common/hardware_sync/sync.c.o
                0x10001b10                next_striped_spin_lock_num
 .text.spin_lock_claim_unused
                0x10001b28       0x20 src/CMakeFiles/st506.dir/home/timo/.pico-sdk/sdk/2.2.0/src/rp2_common/hardware_sync/sync.c.o
                0x10001b28                spin_lock_claim_unused
 .text.spinlock_set_extexclall
                0x10001b48       0x10 src/CMakeFiles/st506.dir/home/timo/.pico-sdk/sdk/2.2.0/src/rp2_common/hardware_sync_spin_lock/sync_spin_lock.c.o
 .text.spin_locks_reset
                0x10001b58       0x18 src/CMakeFiles/st506.dir/home/timo/.pico-sdk/sdk/2.2.0/src/rp2_common/hardware_sync_spin_lock/sync_spin_lock.c.o
                0x10001b58                spin_locks_reset
 .text.runtime_init_per_core_irq_priorities
                0x10001b70       0x40 src/CMakeFiles/st506.dir/home/timo/.pico-sdk/sdk/2.2.0/src/rp2_common/hardware_irq/irq.c.o
                0x10001b70                runtime_init_per_core_irq_priorities
 .text.irq_set_enabled
                0x10001bb0       0x2c src/CMakeFiles/st506.dir/home/timo/.pico-sdk/sdk/2.2.0/src/rp2_common/hardware_irq/irq.c.o
                0x10001bb0                irq_set_enabled
 .text.irq_is_enabled
                0x10001bdc       0x20 src/CMakeFiles/st506.dir/home/timo/.pico-sdk/sdk/2.2.0/src/rp2_common/hardware_irq/irq.c.o
                0x10001bdc                irq_is_enabled
 .text.irq_set_pending
                0x10001bfc       0x18 src/CMakeFiles/st506.dir/home/timo/.pico-sdk/sdk/2.2.0/src/rp2_common/hardware_irq/irq.c.o
                0x10001bfc                irq_set_pending
 .text.irq_has_shared_handler
                0x10001c14       0x20 src/CMakeFiles/st506.dir/home/timo/.pico-sdk/sdk/2.2.0/src/rp2_common/hardware_irq/irq.c.o
                0x10001c14                irq_has_shared_handler
 .text.irq_set_exclusive_handler
                0x10001c34       0x60 src/CMakeFiles/st506.dir/home/timo/.pico-sdk/sdk/2.2.0/src/rp2_common/hardware_irq/irq.c.o
                0x10001c34                irq_set_exclusive_handler
 .text.irq_add_shared_handler
                0x10001c94      0x1e8 src/CMakeFiles/st506.dir/home/timo/.pico-sdk/sdk/2.2.0/src/rp2_common/hardware_irq/irq.c.o
                0x10001c94                irq_add_shared_handler
 .text.irq_remove_handler
                0x10001e7c      0x1f4 src/CMakeFiles/st506.dir/home/timo/.pico-sdk/sdk/2.2.0/src/rp2_common/hardware_irq/irq.c.o
                0x10001e7c                irq_remove_handler
 .text.irq_add_tail_to_free_list
                0x10002070       0xbc src/CMakeFiles/st506.dir/home/timo/.pico-sdk/sdk/2.2.0/src/rp2_common/hardware_irq/irq.c.o
                0x10002070                irq_add_tail_to_free_list
 .text.user_irq_claim_unused
                0x1000212c       0x28 src/CMakeFiles/st506.dir/home/timo/.pico-sdk/sdk/2.2.0/src/rp2_common/hardware_irq/irq.c.o
                0x1000212c                user_irq_claim_unused
 .text.lock_init
                0x10002154        0xc src/CMakeFiles/st506.dir/home/timo/.pico-sdk/sdk/2.2.0/src/common/pico_sync/lock_core.c.o
                0x10002154                lock_init
 .text.runtime_init_mutex
                0x10002160       0x4c src/CMakeFiles/st506.dir/home/timo/.pico-sdk/sdk/2.2.0/src/common/pico_sync/mutex.c.o
                0x10002160                runtime_init_mutex
 .text.mutex_init
                0x100021ac       0x1c src/CMakeFiles/st506.dir/home/timo/.pico-sdk/sdk/2.2.0/src/common/pico_sync/mutex.c.o
                0x100021ac                mutex_init
 .text.critical_section_init
                0x100021c8       0x1c src/CMakeFiles/st506.dir/home/timo/.pico-sdk/sdk/2.2.0/src/common/pico_sync/critical_section.c.o
                0x100021c8                critical_section_init
 .text.critical_section_init_with_lock_num
                0x100021e4       0x10 src/CMakeFiles/st506.dir/home/timo/.pico-sdk/sdk/2.2.0/src/common/pico_sync/critical_section.c.o
                0x100021e4                critical_section_init_with_lock_num
 .text.sleep_until_callback
                0x100021f4       0x3c src/CMakeFiles/st506.dir/home/timo/.pico-sdk/sdk/2.2.0/src/common/pico_time/time.c.o
 .text.alarm_pool_irq_handler
                0x10002230      0x2f0 src/CMakeFiles/st506.dir/home/timo/.pico-sdk/sdk/2.2.0/src/common/pico_time/time.c.o
 .text.runtime_init_default_alarm_pool
                0x10002520      0x100 src/CMakeFiles/st506.dir/home/timo/.pico-sdk/sdk/2.2.0/src/common/pico_time/time.c.o
                0x10002520                runtime_init_default_alarm_pool
 .text.alarm_pool_get_default
                0x10002620        0x8 src/CMakeFiles/st506.dir/home/timo/.pico-sdk/sdk/2.2.0/src/common/pico_time/time.c.o
                0x10002620                alarm_pool_get_default
 .text.alarm_pool_add_alarm_at
                0x10002628       0xdc src/CMakeFiles/st506.dir/home/timo/.pico-sdk/sdk/2.2.0/src/common/pico_time/time.c.o
                0x10002628                alarm_pool_add_alarm_at
 .text.alarm_pool_add_alarm_at_force_in_context
                0x10002704       0xc8 src/CMakeFiles/st506.dir/home/timo/.pico-sdk/sdk/2.2.0/src/common/pico_time/time.c.o
                0x10002704                alarm_pool_add_alarm_at_force_in_context
 .text.alarm_pool_cancel_alarm
                0x100027cc       0x80 src/CMakeFiles/st506.dir/home/timo/.pico-sdk/sdk/2.2.0/src/common/pico_time/time.c.o
                0x100027cc                alarm_pool_cancel_alarm
 .text.alarm_pool_core_num
                0x1000284c        0x4 src/CMakeFiles/st506.dir/home/timo/.pico-sdk/sdk/2.2.0/src/common/pico_time/time.c.o
                0x1000284c                alarm_pool_core_num
 .text.sleep_us
                0x10002850       0xd8 src/CMakeFiles/st506.dir/home/timo/.pico-sdk/sdk/2.2.0/src/common/pico_time/time.c.o
                0x10002850                sleep_us
 .text.sleep_ms
                0x10002928       0xdc src/CMakeFiles/st506.dir/home/timo/.pico-sdk/sdk/2.2.0/src/common/pico_time/time.c.o
                0x10002928                sleep_ms
 .text.best_effort_wfe_or_timeout
                0x10002a04       0xd4 src/CMakeFiles/st506.dir/home/timo/.pico-sdk/sdk/2.2.0/src/common/pico_time/time.c.o
                0x10002a04                best_effort_wfe_or_timeout
 .text.timer_hardware_alarm_claim
                0x10002ad8       0x24 src/CMakeFiles/st506.dir/home/timo/.pico-sdk/sdk/2.2.0/src/rp2_common/hardware_timer/timer.c.o
                0x10002ad8                timer_hardware_alarm_claim
 .text.timer_time_us_64
                0x10002afc       0x10 src/CMakeFiles/st506.dir/home/timo/.pico-sdk/sdk/2.2.0/src/rp2_common/hardware_timer/timer.c.o
                0x10002afc                timer_time_us_64
 .text.time_us_64
                0x10002b0c       0x14 src/CMakeFiles/st506.dir/home/timo/.pico-sdk/sdk/2.2.0/src/rp2_common/hardware_timer/timer.c.o
                0x10002b0c                time_us_64
 .text.busy_wait_until
                0x10002b20       0x24 src/CMakeFiles/st506.dir/home/timo/.pico-sdk/sdk/2.2.0/src/rp2_common/hardware_timer/timer.c.o
                0x10002b20                busy_wait_until
 .text.clock_configure_undivided
                0x10002b44       0xd0 src/CMakeFiles/st506.dir/home/timo/.pico-sdk/sdk/2.2.0/src/rp2_common/hardware_clocks/clocks.c.o
                0x10002b44                clock_configure_undivided
 .text.clock_get_hz
                0x10002c14        0xc src/CMakeFiles/st506.dir/home/timo/.pico-sdk/sdk/2.2.0/src/rp2_common/hardware_clocks/clocks.c.o
                0x10002c14                clock_get_hz
 .text.set_sys_clock_pll
                0x10002c20      0x184 src/CMakeFiles/st506.dir/home/timo/.pico-sdk/sdk/2.2.0/src/rp2_common/hardware_clocks/clocks.c.o
                0x10002c20                set_sys_clock_pll
 .text.check_sys_clock_khz
                0x10002da4      0x19c src/CMakeFiles/st506.dir/home/timo/.pico-sdk/sdk/2.2.0/src/rp2_common/hardware_clocks/clocks.c.o
                0x10002da4                check_sys_clock_khz
 .text.pll_init
                0x10002f40       0x8c src/CMakeFiles/st506.dir/home/timo/.pico-sdk/sdk/2.2.0/src/rp2_common/hardware_pll/pll.c.o
                0x10002f40                pll_init
 .text.watchdog_reboot
                0x10002fcc       0x98 src/CMakeFiles/st506.dir/home/timo/.pico-sdk/sdk/2.2.0/src/rp2_common/hardware_watchdog/watchdog.c.o
                0x10002fcc                watchdog_reboot
 .text.tick_start
                0x10003064       0x18 src/CMakeFiles/st506.dir/home/timo/.pico-sdk/sdk/2.2.0/src/rp2_common/hardware_ticks/ticks.c.o
                0x10003064                tick_start
 .text.rom_reboot.constprop.0.isra.0
                0x1000307c       0x34 src/CMakeFiles/st506.dir/home/timo/.pico-sdk/sdk/2.2.0/src/rp2_common/pico_bootrom/bootrom.c.o
 .text.rom_func_lookup
                0x100030b0       0x18 src/CMakeFiles/st506.dir/home/timo/.pico-sdk/sdk/2.2.0/src/rp2_common/pico_bootrom/bootrom.c.o
                0x100030b0                rom_func_lookup
 .text.rom_reset_usb_boot_extra
                0x100030c8       0x1c src/CMakeFiles/st506.dir/home/timo/.pico-sdk/sdk/2.2.0/src/rp2_common/pico_bootrom/bootrom.c.o
                0x100030c8                rom_reset_usb_boot_extra
 .text.runtime_init_bootrom_locking_enable
                0x100030e4       0x14 src/CMakeFiles/st506.dir/home/timo/.pico-sdk/sdk/2.2.0/src/rp2_common/pico_bootrom/bootrom_lock.c.o
                0x100030e4                runtime_init_bootrom_locking_enable
 .text.runtime_init_boot_locks_reset
                0x100030f8       0x1c src/CMakeFiles/st506.dir/home/timo/.pico-sdk/sdk/2.2.0/src/rp2_common/hardware_boot_lock/boot_lock.c.o
                0x100030f8                runtime_init_boot_locks_reset
 .text.xosc_init
                0x10003114       0x30 src/CMakeFiles/st506.dir/home/timo/.pico-sdk/sdk/2.2.0/src/rp2_common/hardware_xosc/xosc.c.o
                0x10003114                xosc_init
 .text.first_per_core_initializer
                0x10003144        0x4 src/CMakeFiles/st506.dir/home/timo/.pico-sdk/sdk/2.2.0/src/rp2_common/pico_runtime/runtime.c.o
 .text.hard_assertion_failure
                0x10003148        0xc src/CMakeFiles/st506.dir/home/timo/.pico-sdk/sdk/2.2.0/src/rp2_common/pico_runtime/runtime.c.o
                0x10003148                hard_assertion_failure
 .text.runtime_run_initializers
                0x10003154       0x20 src/CMakeFiles/st506.dir/home/timo/.pico-sdk/sdk/2.2.0/src/rp2_common/pico_runtime/runtime.c.o
                0x10003154                runtime_run_initializers
 .text.runtime_run_per_core_initializers
                0x10003174       0x20 src/CMakeFiles/st506.dir/home/timo/.pico-sdk/sdk/2.2.0/src/rp2_common/pico_runtime/runtime.c.o
                0x10003174                runtime_run_per_core_initializers
 .text.runtime_init_early_resets
                0x10003194       0x34 src/CMakeFiles/st506.dir/home/timo/.pico-sdk/sdk/2.2.0/src/rp2_common/pico_runtime_init/runtime_init.c.o
                0x10003194                runtime_init_early_resets
 .text.runtime_init_usb_power_down
                0x100031c8       0x1c src/CMakeFiles/st506.dir/home/timo/.pico-sdk/sdk/2.2.0/src/rp2_common/pico_runtime_init/runtime_init.c.o
                0x100031c8                runtime_init_usb_power_down
 .text.runtime_init_per_core_enable_coprocessors
                0x100031e4       0x1c src/CMakeFiles/st506.dir/home/timo/.pico-sdk/sdk/2.2.0/src/rp2_common/pico_runtime_init/runtime_init.c.o
                0x100031e4                runtime_init_per_core_enable_coprocessors
 .text.runtime_init_post_clock_resets
                0x10003200       0x20 src/CMakeFiles/st506.dir/home/timo/.pico-sdk/sdk/2.2.0/src/rp2_common/pico_runtime_init/runtime_init.c.o
                0x10003200                runtime_init_post_clock_resets
 .text.runtime_init_bootrom_reset
                0x10003220       0x14 src/CMakeFiles/st506.dir/home/timo/.pico-sdk/sdk/2.2.0/src/rp2_common/pico_runtime_init/runtime_init.c.o
                0x10003220                runtime_init_bootrom_reset
 .text.runtime_init_per_core_bootrom_reset
                0x10003234       0x14 src/CMakeFiles/st506.dir/home/timo/.pico-sdk/sdk/2.2.0/src/rp2_common/pico_runtime_init/runtime_init.c.o
                0x10003234                runtime_init_per_core_bootrom_reset
 .text.runtime_init_spin_locks_reset
                0x10003248        0x4 src/CMakeFiles/st506.dir/home/timo/.pico-sdk/sdk/2.2.0/src/rp2_common/pico_runtime_init/runtime_init.c.o
                0x10003248                runtime_init_spin_locks_reset
 .text.runtime_init_install_ram_vector_table
                0x1000324c       0x68 src/CMakeFiles/st506.dir/home/timo/.pico-sdk/sdk/2.2.0/src/rp2_common/pico_runtime_init/runtime_init.c.o
                0x1000324c                runtime_init_install_ram_vector_table
 .text.runtime_init_clocks
                0x100032b4       0xdc src/CMakeFiles/st506.dir/home/timo/.pico-sdk/sdk/2.2.0/src/rp2_common/pico_runtime_init/runtime_init_clocks.c.o
                0x100032b4                runtime_init_clocks
 .text.__rp2350_dcp_engaged_state_save_restore
                0x10003390       0x3a src/CMakeFiles/st506.dir/home/timo/.pico-sdk/sdk/2.2.0/src/rp2_common/pico_double/double_aeabi_dcp.S.o
 *fill*         0x100033ca        0x2 
 .text.__wrap___aeabi_dadd
                0x100033cc       0x28 src/CMakeFiles/st506.dir/home/timo/.pico-sdk/sdk/2.2.0/src/rp2_common/pico_double/double_aeabi_dcp.S.o
                0x100033d4                __wrap___aeabi_dadd
 .text.__wrap___aeabi_dsub
                0x100033f4       0x28 src/CMakeFiles/st506.dir/home/timo/.pico-sdk/sdk/2.2.0/src/rp2_common/pico_double/double_aeabi_dcp.S.o
                0x100033fc                __wrap___aeabi_dsub
 .text.__wrap___aeabi_dmul
                0x1000341c       0x4c src/CMakeFiles/st506.dir/home/timo/.pico-sdk/sdk/2.2.0/src/rp2_common/pico_double/double_aeabi_dcp.S.o
                0x10003424                __wrap___aeabi_dmul
 .text.__wrap___aeabi_ddiv
                0x10003468       0x9c src/CMakeFiles/st506.dir/home/timo/.pico-sdk/sdk/2.2.0/src/rp2_common/pico_double/double_aeabi_dcp.S.o
                0x10003470                __wrap___aeabi_ddiv
 .text.__wrap___aeabi_i2d
                0x10003504       0x24 src/CMakeFiles/st506.dir/home/timo/.pico-sdk/sdk/2.2.0/src/rp2_common/pico_double/double_aeabi_dcp.S.o
                0x1000350c                __wrap___aeabi_i2d
                0x1000350c                int2double
 .text.__wrap___aeabi_ui2d
                0x10003528       0x24 src/CMakeFiles/st506.dir/home/timo/.pico-sdk/sdk/2.2.0/src/rp2_common/pico_double/double_aeabi_dcp.S.o
                0x10003530                __wrap___aeabi_ui2d
                0x10003530                uint2double
 .text.__wrap___aeabi_d2iz
                0x1000354c       0x24 src/CMakeFiles/st506.dir/home/timo/.pico-sdk/sdk/2.2.0/src/rp2_common/pico_double/double_aeabi_dcp.S.o
                0x10003554                __wrap___aeabi_d2iz
                0x10003554                double2int_z
 .text.__wrap___aeabi_d2uiz
                0x10003570       0x24 src/CMakeFiles/st506.dir/home/timo/.pico-sdk/sdk/2.2.0/src/rp2_common/pico_double/double_aeabi_dcp.S.o
                0x10003578                double2uint_z
                0x10003578                double2uint
                0x10003578                __wrap___aeabi_d2uiz
 .text.__wrap___aeabi_dcmpun
                0x10003594       0x24 src/CMakeFiles/st506.dir/home/timo/.pico-sdk/sdk/2.2.0/src/rp2_common/pico_double/double_aeabi_dcp.S.o
                0x1000359c                __wrap___aeabi_dcmpun
 .text.__wrap___aeabi_dcmplt
                0x100035b8       0x28 src/CMakeFiles/st506.dir/home/timo/.pico-sdk/sdk/2.2.0/src/rp2_common/pico_double/double_aeabi_dcp.S.o
                0x100035c0                __wrap___aeabi_dcmplt
 .text.__wrap___aeabi_dcmple
                0x100035e0       0x28 src/CMakeFiles/st506.dir/home/timo/.pico-sdk/sdk/2.2.0/src/rp2_common/pico_double/double_aeabi_dcp.S.o
                0x100035e8                __wrap___aeabi_dcmple
 .text.__wrap___aeabi_dcmpge
                0x10003608       0x28 src/CMakeFiles/st506.dir/home/timo/.pico-sdk/sdk/2.2.0/src/rp2_common/pico_double/double_aeabi_dcp.S.o
                0x10003610                __wrap___aeabi_dcmpge
 .text.__wrap___aeabi_dcmpgt
                0x10003630       0x28 src/CMakeFiles/st506.dir/home/timo/.pico-sdk/sdk/2.2.0/src/rp2_common/pico_double/double_aeabi_dcp.S.o
                0x10003638                __wrap___aeabi_dcmpgt
 .text.__wrap_malloc
                0x10003658       0x38 src/CMakeFiles/st506.dir/home/timo/.pico-sdk/sdk/2.2.0/src/rp2_common/pico_malloc/malloc.c.o
                0x10003658                __wrap_malloc
 .text.__wrap_calloc
                0x10003690       0x40 src/CMakeFiles/st506.dir/home/timo/.pico-sdk/sdk/2.2.0/src/rp2_common/pico_malloc/malloc.c.o
                0x10003690                __wrap_calloc
 .text.__wrap_free
                0x100036d0       0x20 src/CMakeFiles/st506.dir/home/timo/.pico-sdk/sdk/2.2.0/src/rp2_common/pico_malloc/malloc.c.o
                0x100036d0                __wrap_free
 .text._out_null
                0x100036f0        0x4 src/CMakeFiles/st506.dir/home/timo/.pico-sdk/sdk/2.2.0/src/rp2_common/pico_printf/printf.c.o
 .text._out_rev
                0x100036f4       0x9c src/CMakeFiles/st506.dir/home/timo/.pico-sdk/sdk/2.2.0/src/rp2_common/pico_printf/printf.c.o
 .text._ntoa_format
                0x10003790      0x1d4 src/CMakeFiles/st506.dir/home/timo/.pico-sdk/sdk/2.2.0/src/rp2_common/pico_printf/printf.c.o
 .text._out_char
                0x10003964        0x8 src/CMakeFiles/st506.dir/home/timo/.pico-sdk/sdk/2.2.0/src/rp2_common/pico_printf/printf.c.o
 .text._out_fct
                0x1000396c        0xc src/CMakeFiles/st506.dir/home/timo/.pico-sdk/sdk/2.2.0/src/rp2_common/pico_printf/printf.c.o
 .text._ftoa    0x10003978      0x4bc src/CMakeFiles/st506.dir/home/timo/.pico-sdk/sdk/2.2.0/src/rp2_common/pico_printf/printf.c.o
 *fill*         0x10003e34        0x4 
 .text._etoa    0x10003e38      0x574 src/CMakeFiles/st506.dir/home/timo/.pico-sdk/sdk/2.2.0/src/rp2_common/pico_printf/printf.c.o
 .text._vsnprintf
                0x100043ac      0x9e4 src/CMakeFiles/st506.dir/home/timo/.pico-sdk/sdk/2.2.0/src/rp2_common/pico_printf/printf.c.o
 .text.vfctprintf
                0x10004d90       0x28 src/CMakeFiles/st506.dir/home/timo/.pico-sdk/sdk/2.2.0/src/rp2_common/pico_printf/printf.c.o
                0x10004d90                vfctprintf
 .text.weak_raw_vprintf
                0x10004db8       0x30 src/CMakeFiles/st506.dir/home/timo/.pico-sdk/sdk/2.2.0/src/rp2_common/pico_printf/printf.c.o
                0x10004db8                weak_raw_vprintf
 .text._exit    0x10004de8        0x4 src/CMakeFiles/st506.dir/home/timo/.pico-sdk/sdk/2.2.0/src/rp2_common/pico_clib_interface/newlib_interface.c.o
                0x10004de8                _exit
 .text._sbrk    0x10004dec       0x2c src/CMakeFiles/st506.dir/home/timo/.pico-sdk/sdk/2.2.0/src/rp2_common/pico_clib_interface/newlib_interface.c.o
                0x10004dec                _sbrk
 .text.exit     0x10004e18        0x8 src/CMakeFiles/st506.dir/home/timo/.pico-sdk/sdk/2.2.0/src/rp2_common/pico_clib_interface/newlib_interface.c.o
                0x10004e18                exit
 .text.runtime_init
                0x10004e20       0x24 src/CMakeFiles/st506.dir/home/timo/.pico-sdk/sdk/2.2.0/src/rp2_common/pico_clib_interface/newlib_interface.c.o
                0x10004e20                runtime_init
 .text.stdio_out_chars_no_crlf
                0x10004e44        0x8 src/CMakeFiles/st506.dir/home/timo/.pico-sdk/sdk/2.2.0/src/rp2_common/pico_stdio/stdio.c.o
 .text.stdio_out_chars_crlf
                0x10004e4c       0xb0 src/CMakeFiles/st506.dir/home/timo/.pico-sdk/sdk/2.2.0/src/rp2_common/pico_stdio/stdio.c.o
 .text.stdio_buffered_printer
                0x10004efc       0x60 src/CMakeFiles/st506.dir/home/timo/.pico-sdk/sdk/2.2.0/src/rp2_common/pico_stdio/stdio.c.o
 .text.stdio_put_string
                0x10004f5c       0xec src/CMakeFiles/st506.dir/home/timo/.pico-sdk/sdk/2.2.0/src/rp2_common/pico_stdio/stdio.c.o
                0x10004f5c                stdio_put_string
 .text.stdio_set_driver_enabled
                0x10005048       0x28 src/CMakeFiles/st506.dir/home/timo/.pico-sdk/sdk/2.2.0/src/rp2_common/pico_stdio/stdio.c.o
                0x10005048                stdio_set_driver_enabled
 .text.stdio_init_all
                0x10005070        0x4 src/CMakeFiles/st506.dir/home/timo/.pico-sdk/sdk/2.2.0/src/rp2_common/pico_stdio/stdio.c.o
                0x10005070                stdio_init_all
 .text.__wrap_putchar
                0x10005074       0x84 src/CMakeFiles/st506.dir/home/timo/.pico-sdk/sdk/2.2.0/src/rp2_common/pico_stdio/stdio.c.o
                0x10005074                stdio_putchar
                0x10005074                __wrap_putchar
 .text.__wrap_puts
                0x100050f8       0x3c src/CMakeFiles/st506.dir/home/timo/.pico-sdk/sdk/2.2.0/src/rp2_common/pico_stdio/stdio.c.o
                0x100050f8                __wrap_puts
                0x100050f8                stdio_puts
 .text.__wrap_vprintf
                0x10005134       0xc4 src/CMakeFiles/st506.dir/home/timo/.pico-sdk/sdk/2.2.0/src/rp2_common/pico_stdio/stdio.c.o
                0x10005134                __wrap_vprintf
                0x10005134                stdio_vprintf
 .text.__wrap_printf
                0x100051f8       0x1c src/CMakeFiles/st506.dir/home/timo/.pico-sdk/sdk/2.2.0/src/rp2_common/pico_stdio/stdio.c.o
                0x100051f8                stdio_printf
                0x100051f8                __wrap_printf
 .text.resetd_init
                0x10005214        0x4 src/CMakeFiles/st506.dir/home/timo/.pico-sdk/sdk/2.2.0/src/rp2_common/pico_stdio_usb/reset_interface.c.o
 .text.resetd_reset
                0x10005218        0xc src/CMakeFiles/st506.dir/home/timo/.pico-sdk/sdk/2.2.0/src/rp2_common/pico_stdio_usb/reset_interface.c.o
 .text.resetd_open
                0x10005224       0x28 src/CMakeFiles/st506.dir/home/timo/.pico-sdk/sdk/2.2.0/src/rp2_common/pico_stdio_usb/reset_interface.c.o
 .text.resetd_xfer_cb
                0x1000524c        0x4 src/CMakeFiles/st506.dir/home/timo/.pico-sdk/sdk/2.2.0/src/rp2_common/pico_stdio_usb/reset_interface.c.o
 .text.resetd_control_xfer_cb
                0x10005250       0x50 src/CMakeFiles/st506.dir/home/timo/.pico-sdk/sdk/2.2.0/src/rp2_common/pico_stdio_usb/reset_interface.c.o
 .text.tud_descriptor_bos_cb
                0x100052a0        0x8 src/CMakeFiles/st506.dir/home/timo/.pico-sdk/sdk/2.2.0/src/rp2_common/pico_stdio_usb/reset_interface.c.o
                0x100052a0                tud_descriptor_bos_cb
 .text.tud_vendor_control_xfer_cb
                0x100052a8       0x28 src/CMakeFiles/st506.dir/home/timo/.pico-sdk/sdk/2.2.0/src/rp2_common/pico_stdio_usb/reset_interface.c.o
                0x100052a8                tud_vendor_control_xfer_cb
 .text.usbd_app_driver_get_cb
                0x100052d0       0x10 src/CMakeFiles/st506.dir/home/timo/.pico-sdk/sdk/2.2.0/src/rp2_common/pico_stdio_usb/reset_interface.c.o
                0x100052d0                usbd_app_driver_get_cb
 .text.tud_cdc_line_coding_cb
                0x100052e0       0x18 src/CMakeFiles/st506.dir/home/timo/.pico-sdk/sdk/2.2.0/src/rp2_common/pico_stdio_usb/reset_interface.c.o
                0x100052e0                tud_cdc_line_coding_cb
 .text.stdio_usb_set_chars_available_callback
                0x100052f8       0x14 src/CMakeFiles/st506.dir/home/timo/.pico-sdk/sdk/2.2.0/src/rp2_common/pico_stdio_usb/stdio_usb.c.o
                0x100052f8                stdio_usb_set_chars_available_callback
 .text.timer_task
                0x1000530c       0x70 src/CMakeFiles/st506.dir/home/timo/.pico-sdk/sdk/2.2.0/src/rp2_common/pico_stdio_usb/stdio_usb.c.o
 .text.usb_irq  0x1000537c        0xc src/CMakeFiles/st506.dir/home/timo/.pico-sdk/sdk/2.2.0/src/rp2_common/pico_stdio_usb/stdio_usb.c.o
 .text.stdio_usb_in_chars
                0x10005388       0x88 src/CMakeFiles/st506.dir/home/timo/.pico-sdk/sdk/2.2.0/src/rp2_common/pico_stdio_usb/stdio_usb.c.o
                0x10005388                stdio_usb_in_chars
 .text.stdio_usb_out_flush
                0x10005410       0x54 src/CMakeFiles/st506.dir/home/timo/.pico-sdk/sdk/2.2.0/src/rp2_common/pico_stdio_usb/stdio_usb.c.o
 .text.stdio_usb_out_chars
                0x10005464       0xf4 src/CMakeFiles/st506.dir/home/timo/.pico-sdk/sdk/2.2.0/src/rp2_common/pico_stdio_usb/stdio_usb.c.o
 .text.low_priority_worker_irq
                0x10005558       0xd8 src/CMakeFiles/st506.dir/home/timo/.pico-sdk/sdk/2.2.0/src/rp2_common/pico_stdio_usb/stdio_usb.c.o
 .text.stdio_usb_init
                0x10005630       0xe8 src/CMakeFiles/st506.dir/home/timo/.pico-sdk/sdk/2.2.0/src/rp2_common/pico_stdio_usb/stdio_usb.c.o
                0x10005630                stdio_usb_init
 .text.tud_descriptor_device_cb
                0x10005718        0x8 src/CMakeFiles/st506.dir/home/timo/.pico-sdk/sdk/2.2.0/src/rp2_common/pico_stdio_usb/stdio_usb_descriptors.c.o
                0x10005718                tud_descriptor_device_cb
 .text.tud_descriptor_configuration_cb
                0x10005720        0x8 src/CMakeFiles/st506.dir/home/timo/.pico-sdk/sdk/2.2.0/src/rp2_common/pico_stdio_usb/stdio_usb_descriptors.c.o
                0x10005720                tud_descriptor_configuration_cb
 .text.tud_descriptor_string_cb
                0x10005728       0x70 src/CMakeFiles/st506.dir/home/timo/.pico-sdk/sdk/2.2.0/src/rp2_common/pico_stdio_usb/stdio_usb_descriptors.c.o
                0x10005728                tud_descriptor_string_cb
 .text.startup._retrieve_unique_id_on_boot
                0x10005798       0x30 src/CMakeFiles/st506.dir/home/timo/.pico-sdk/sdk/2.2.0/src/rp2_common/pico_unique_id/unique_id.c.o
 .text.pico_get_unique_board_id_string
                0x100057c8      0x184 src/CMakeFiles/st506.dir/home/timo/.pico-sdk/sdk/2.2.0/src/rp2_common/pico_unique_id/unique_id.c.o
                0x100057c8                pico_get_unique_board_id_string
 .text.dcd_init
                0x1000594c       0x8c src/CMakeFiles/st506.dir/home/timo/.pico-sdk/sdk/2.2.0/lib/tinyusb/src/portable/raspberrypi/rp2040/dcd_rp2040.c.o
                0x1000594c                dcd_init
 .text.dcd_int_enable
                0x100059d8        0x8 src/CMakeFiles/st506.dir/home/timo/.pico-sdk/sdk/2.2.0/lib/tinyusb/src/portable/raspberrypi/rp2040/dcd_rp2040.c.o
                0x100059d8                dcd_int_enable
 .text.dcd_set_address
                0x100059e0       0x10 src/CMakeFiles/st506.dir/home/timo/.pico-sdk/sdk/2.2.0/lib/tinyusb/src/portable/raspberrypi/rp2040/dcd_rp2040.c.o
                0x100059e0                dcd_set_address
 .text.dcd_sof_enable
                0x100059f0       0x1c src/CMakeFiles/st506.dir/home/timo/.pico-sdk/sdk/2.2.0/lib/tinyusb/src/portable/raspberrypi/rp2040/dcd_rp2040.c.o
                0x100059f0                dcd_sof_enable
 .text.dcd_edpt0_status_complete
                0x10005a0c       0x1c src/CMakeFiles/st506.dir/home/timo/.pico-sdk/sdk/2.2.0/lib/tinyusb/src/portable/raspberrypi/rp2040/dcd_rp2040.c.o
                0x10005a0c                dcd_edpt0_status_complete
 .text.dcd_edpt_open
                0x10005a28      0x104 src/CMakeFiles/st506.dir/home/timo/.pico-sdk/sdk/2.2.0/lib/tinyusb/src/portable/raspberrypi/rp2040/dcd_rp2040.c.o
                0x10005a28                dcd_edpt_open
 .text.dcd_edpt_close_all
                0x10005b2c        0x4 src/CMakeFiles/st506.dir/home/timo/.pico-sdk/sdk/2.2.0/lib/tinyusb/src/portable/raspberrypi/rp2040/dcd_rp2040.c.o
                0x10005b2c                dcd_edpt_close_all
 .text.dcd_edpt_xfer
                0x10005b30       0x28 src/CMakeFiles/st506.dir/home/timo/.pico-sdk/sdk/2.2.0/lib/tinyusb/src/portable/raspberrypi/rp2040/dcd_rp2040.c.o
                0x10005b30                dcd_edpt_xfer
 .text.dcd_edpt_stall
                0x10005b58       0x30 src/CMakeFiles/st506.dir/home/timo/.pico-sdk/sdk/2.2.0/lib/tinyusb/src/portable/raspberrypi/rp2040/dcd_rp2040.c.o
                0x10005b58                dcd_edpt_stall
 .text.dcd_edpt_clear_stall
                0x10005b88       0x24 src/CMakeFiles/st506.dir/home/timo/.pico-sdk/sdk/2.2.0/lib/tinyusb/src/portable/raspberrypi/rp2040/dcd_rp2040.c.o
                0x10005b88                dcd_edpt_clear_stall
 .text.rp2040_usb_init
                0x10005bac       0x40 src/CMakeFiles/st506.dir/home/timo/.pico-sdk/sdk/2.2.0/lib/tinyusb/src/portable/raspberrypi/rp2040/rp2040_usb.c.o
                0x10005bac                rp2040_usb_init
 .text.hw_endpoint_xfer_start
                0x10005bec       0x40 src/CMakeFiles/st506.dir/home/timo/.pico-sdk/sdk/2.2.0/lib/tinyusb/src/portable/raspberrypi/rp2040/rp2040_usb.c.o
                0x10005bec                hw_endpoint_xfer_start
 .text.configuration_reset
                0x10005c2c       0x8c src/CMakeFiles/st506.dir/home/timo/.pico-sdk/sdk/2.2.0/lib/tinyusb/src/device/usbd.c.o
 .text.tud_event_hook_cb
                0x10005cb8        0x4 src/CMakeFiles/st506.dir/home/timo/.pico-sdk/sdk/2.2.0/lib/tinyusb/src/device/usbd.c.o
                0x10005cb8                tud_event_hook_cb
 .text.tud_sof_cb
                0x10005cbc        0x4 src/CMakeFiles/st506.dir/home/timo/.pico-sdk/sdk/2.2.0/lib/tinyusb/src/device/usbd.c.o
                0x10005cbc                tud_sof_cb
 .text.tud_descriptor_device_qualifier_cb
                0x10005cc0        0x4 src/CMakeFiles/st506.dir/home/timo/.pico-sdk/sdk/2.2.0/lib/tinyusb/src/device/usbd.c.o
                0x10005cc0                tud_descriptor_device_qualifier_cb
 .text.tud_descriptor_other_speed_configuration_cb
                0x10005cc4        0x4 src/CMakeFiles/st506.dir/home/timo/.pico-sdk/sdk/2.2.0/lib/tinyusb/src/device/usbd.c.o
                0x10005cc4                tud_descriptor_other_speed_configuration_cb
 .text.tud_mount_cb
                0x10005cc8        0x4 src/CMakeFiles/st506.dir/home/timo/.pico-sdk/sdk/2.2.0/lib/tinyusb/src/device/usbd.c.o
                0x10005cc8                tud_mount_cb
 .text.tud_umount_cb
                0x10005ccc        0x4 src/CMakeFiles/st506.dir/home/timo/.pico-sdk/sdk/2.2.0/lib/tinyusb/src/device/usbd.c.o
                0x10005ccc                tud_umount_cb
 .text.tud_suspend_cb
                0x10005cd0        0x4 src/CMakeFiles/st506.dir/home/timo/.pico-sdk/sdk/2.2.0/lib/tinyusb/src/device/usbd.c.o
                0x10005cd0                tud_suspend_cb
 .text.tud_resume_cb
                0x10005cd4        0x4 src/CMakeFiles/st506.dir/home/timo/.pico-sdk/sdk/2.2.0/lib/tinyusb/src/device/usbd.c.o
                0x10005cd4                tud_resume_cb
 .text.tud_mounted
                0x10005cd8       0x10 src/CMakeFiles/st506.dir/home/timo/.pico-sdk/sdk/2.2.0/lib/tinyusb/src/device/usbd.c.o
                0x10005cd8                tud_mounted
 .text.tud_suspended
                0x10005ce8       0x10 src/CMakeFiles/st506.dir/home/timo/.pico-sdk/sdk/2.2.0/lib/tinyusb/src/device/usbd.c.o
                0x10005ce8                tud_suspended
 .text.tud_rhport_init
                0x10005cf8       0xf4 src/CMakeFiles/st506.dir/home/timo/.pico-sdk/sdk/2.2.0/lib/tinyusb/src/device/usbd.c.o
                0x10005cf8                tud_rhport_init
 .text.tud_task_ext
                0x10005dec      0x784 src/CMakeFiles/st506.dir/home/timo/.pico-sdk/sdk/2.2.0/lib/tinyusb/src/device/usbd.c.o
                0x10005dec                tud_task_ext
 .text.usbd_open_edpt_pair
                0x10006570       0x9c src/CMakeFiles/st506.dir/home/timo/.pico-sdk/sdk/2.2.0/lib/tinyusb/src/device/usbd.c.o
                0x10006570                usbd_open_edpt_pair
 .text.usbd_edpt_open
                0x1000660c       0x44 src/CMakeFiles/st506.dir/home/timo/.pico-sdk/sdk/2.2.0/lib/tinyusb/src/device/usbd.c.o
                0x1000660c                usbd_edpt_open
 .text.usbd_edpt_claim
                0x10006650       0x24 src/CMakeFiles/st506.dir/home/timo/.pico-sdk/sdk/2.2.0/lib/tinyusb/src/device/usbd.c.o
                0x10006650                usbd_edpt_claim
 .text.usbd_edpt_release
                0x10006674       0x24 src/CMakeFiles/st506.dir/home/timo/.pico-sdk/sdk/2.2.0/lib/tinyusb/src/device/usbd.c.o
                0x10006674                usbd_edpt_release
 .text.usbd_edpt_xfer
                0x10006698       0x70 src/CMakeFiles/st506.dir/home/timo/.pico-sdk/sdk/2.2.0/lib/tinyusb/src/device/usbd.c.o
                0x10006698                usbd_edpt_xfer
 .text.tud_control_status
                0x10006708       0x34 src/CMakeFiles/st506.dir/home/timo/.pico-sdk/sdk/2.2.0/lib/tinyusb/src/device/usbd_control.c.o
                0x10006708                tud_control_status
 .text.tud_control_xfer
                0x1000673c       0xb0 src/CMakeFiles/st506.dir/home/timo/.pico-sdk/sdk/2.2.0/lib/tinyusb/src/device/usbd_control.c.o
                0x1000673c                tud_control_xfer
 .text.usbd_control_reset
                0x100067ec       0x14 src/CMakeFiles/st506.dir/home/timo/.pico-sdk/sdk/2.2.0/lib/tinyusb/src/device/usbd_control.c.o
                0x100067ec                usbd_control_reset
 .text.usbd_control_set_complete_callback
                0x10006800        0xc src/CMakeFiles/st506.dir/home/timo/.pico-sdk/sdk/2.2.0/lib/tinyusb/src/device/usbd_control.c.o
                0x10006800                usbd_control_set_complete_callback
 .text.usbd_control_set_request
                0x1000680c       0x1c src/CMakeFiles/st506.dir/home/timo/.pico-sdk/sdk/2.2.0/lib/tinyusb/src/device/usbd_control.c.o
                0x1000680c                usbd_control_set_request
 .text.usbd_control_xfer_cb
                0x10006828      0x100 src/CMakeFiles/st506.dir/home/timo/.pico-sdk/sdk/2.2.0/lib/tinyusb/src/device/usbd_control.c.o
                0x10006828                usbd_control_xfer_cb
 .text._prep_out_transaction.isra.0
                0x10006928       0x74 src/CMakeFiles/st506.dir/home/timo/.pico-sdk/sdk/2.2.0/lib/tinyusb/src/class/cdc/cdc_device.c.o
 .text.tud_cdc_n_connected
                0x1000699c       0x2c src/CMakeFiles/st506.dir/home/timo/.pico-sdk/sdk/2.2.0/lib/tinyusb/src/class/cdc/cdc_device.c.o
                0x1000699c                tud_cdc_n_connected
 .text.tud_cdc_n_available
                0x100069c8       0x14 src/CMakeFiles/st506.dir/home/timo/.pico-sdk/sdk/2.2.0/lib/tinyusb/src/class/cdc/cdc_device.c.o
                0x100069c8                tud_cdc_n_available
 .text.tud_cdc_n_read
                0x100069dc       0x90 src/CMakeFiles/st506.dir/home/timo/.pico-sdk/sdk/2.2.0/lib/tinyusb/src/class/cdc/cdc_device.c.o
                0x100069dc                tud_cdc_n_read
 .text.tud_cdc_n_write_flush
                0x10006a6c       0x8c src/CMakeFiles/st506.dir/home/timo/.pico-sdk/sdk/2.2.0/lib/tinyusb/src/class/cdc/cdc_device.c.o
                0x10006a6c                tud_cdc_n_write_flush
 .text.tud_cdc_n_write
                0x10006af8       0x40 src/CMakeFiles/st506.dir/home/timo/.pico-sdk/sdk/2.2.0/lib/tinyusb/src/class/cdc/cdc_device.c.o
                0x10006af8                tud_cdc_n_write
 .text.tud_cdc_n_write_available
                0x10006b38       0x14 src/CMakeFiles/st506.dir/home/timo/.pico-sdk/sdk/2.2.0/lib/tinyusb/src/class/cdc/cdc_device.c.o
                0x10006b38                tud_cdc_n_write_available
 .text.cdcd_init
                0x10006b4c       0x70 src/CMakeFiles/st506.dir/home/timo/.pico-sdk/sdk/2.2.0/lib/tinyusb/src/class/cdc/cdc_device.c.o
                0x10006b4c                cdcd_init
 .text.cdcd_deinit
                0x10006bbc       0x30 src/CMakeFiles/st506.dir/home/timo/.pico-sdk/sdk/2.2.0/lib/tinyusb/src/class/cdc/cdc_device.c.o
                0x10006bbc                cdcd_deinit
 .text.cdcd_reset
                0x10006bec       0x4c src/CMakeFiles/st506.dir/home/timo/.pico-sdk/sdk/2.2.0/lib/tinyusb/src/class/cdc/cdc_device.c.o
                0x10006bec                cdcd_reset
 .text.cdcd_open
                0x10006c38       0xc0 src/CMakeFiles/st506.dir/home/timo/.pico-sdk/sdk/2.2.0/lib/tinyusb/src/class/cdc/cdc_device.c.o
                0x10006c38                cdcd_open
 .text.cdcd_control_xfer_cb
                0x10006cf8       0xc0 src/CMakeFiles/st506.dir/home/timo/.pico-sdk/sdk/2.2.0/lib/tinyusb/src/class/cdc/cdc_device.c.o
                0x10006cf8                cdcd_control_xfer_cb
 .text.cdcd_xfer_cb
                0x10006db8       0xf8 src/CMakeFiles/st506.dir/home/timo/.pico-sdk/sdk/2.2.0/lib/tinyusb/src/class/cdc/cdc_device.c.o
                0x10006db8                cdcd_xfer_cb
 .text.vendord_init
                0x10006eb0       0x5c src/CMakeFiles/st506.dir/home/timo/.pico-sdk/sdk/2.2.0/lib/tinyusb/src/class/vendor/vendor_device.c.o
                0x10006eb0                vendord_init
 .text.vendord_deinit
                0x10006f0c       0x1c src/CMakeFiles/st506.dir/home/timo/.pico-sdk/sdk/2.2.0/lib/tinyusb/src/class/vendor/vendor_device.c.o
                0x10006f0c                vendord_deinit
 .text.vendord_reset
                0x10006f28       0x24 src/CMakeFiles/st506.dir/home/timo/.pico-sdk/sdk/2.2.0/lib/tinyusb/src/class/vendor/vendor_device.c.o
                0x10006f28                vendord_reset
 .text.vendord_open
                0x10006f4c       0xf4 src/CMakeFiles/st506.dir/home/timo/.pico-sdk/sdk/2.2.0/lib/tinyusb/src/class/vendor/vendor_device.c.o
                0x10006f4c                vendord_open
 .text.vendord_xfer_cb
                0x10007040       0x88 src/CMakeFiles/st506.dir/home/timo/.pico-sdk/sdk/2.2.0/lib/tinyusb/src/class/vendor/vendor_device.c.o
                0x10007040                vendord_xfer_cb
 .text.tusb_rhport_init
                0x100070c8       0x64 src/CMakeFiles/st506.dir/home/timo/.pico-sdk/sdk/2.2.0/lib/tinyusb/src/tusb.c.o
                0x100070c8                tusb_rhport_init
 .text.tu_edpt_claim
                0x1000712c       0x54 src/CMakeFiles/st506.dir/home/timo/.pico-sdk/sdk/2.2.0/lib/tinyusb/src/tusb.c.o
                0x1000712c                tu_edpt_claim
 .text.tu_edpt_release
                0x10007180       0x38 src/CMakeFiles/st506.dir/home/timo/.pico-sdk/sdk/2.2.0/lib/tinyusb/src/tusb.c.o
                0x10007180                tu_edpt_release
 .text.tu_edpt_validate
                0x100071b8       0x60 src/CMakeFiles/st506.dir/home/timo/.pico-sdk/sdk/2.2.0/lib/tinyusb/src/tusb.c.o
                0x100071b8                tu_edpt_validate
 .text.tu_edpt_bind_driver
                0x10007218       0x58 src/CMakeFiles/st506.dir/home/timo/.pico-sdk/sdk/2.2.0/lib/tinyusb/src/tusb.c.o
                0x10007218                tu_edpt_bind_driver
 .text.tu_edpt_stream_init
                0x10007270       0x58 src/CMakeFiles/st506.dir/home/timo/.pico-sdk/sdk/2.2.0/lib/tinyusb/src/tusb.c.o
                0x10007270                tu_edpt_stream_init
 .text.tu_edpt_stream_deinit
                0x100072c8        0x4 src/CMakeFiles/st506.dir/home/timo/.pico-sdk/sdk/2.2.0/lib/tinyusb/src/tusb.c.o
                0x100072c8                tu_edpt_stream_deinit
 .text.tu_edpt_stream_write_zlp_if_needed
                0x100072cc       0x68 src/CMakeFiles/st506.dir/home/timo/.pico-sdk/sdk/2.2.0/lib/tinyusb/src/tusb.c.o
                0x100072cc                tu_edpt_stream_write_zlp_if_needed
 .text.tu_edpt_stream_write_xfer
                0x10007334       0x70 src/CMakeFiles/st506.dir/home/timo/.pico-sdk/sdk/2.2.0/lib/tinyusb/src/tusb.c.o
                0x10007334                tu_edpt_stream_write_xfer
 .text.tu_edpt_stream_read_xfer
                0x100073a4       0xc8 src/CMakeFiles/st506.dir/home/timo/.pico-sdk/sdk/2.2.0/lib/tinyusb/src/tusb.c.o
                0x100073a4                tu_edpt_stream_read_xfer
 .text.tu_fifo_config
                0x1000746c       0x60 src/CMakeFiles/st506.dir/home/timo/.pico-sdk/sdk/2.2.0/lib/tinyusb/src/common/tusb_fifo.c.o
                0x1000746c                tu_fifo_config
 .text.tu_fifo_count
                0x100074cc       0x20 src/CMakeFiles/st506.dir/home/timo/.pico-sdk/sdk/2.2.0/lib/tinyusb/src/common/tusb_fifo.c.o
                0x100074cc                tu_fifo_count
 .text.tu_fifo_empty
                0x100074ec       0x14 src/CMakeFiles/st506.dir/home/timo/.pico-sdk/sdk/2.2.0/lib/tinyusb/src/common/tusb_fifo.c.o
                0x100074ec                tu_fifo_empty
 .text.tu_fifo_remaining
                0x10007500       0x24 src/CMakeFiles/st506.dir/home/timo/.pico-sdk/sdk/2.2.0/lib/tinyusb/src/common/tusb_fifo.c.o
                0x10007500                tu_fifo_remaining
 .text.tu_fifo_read
                0x10007524       0x94 src/CMakeFiles/st506.dir/home/timo/.pico-sdk/sdk/2.2.0/lib/tinyusb/src/common/tusb_fifo.c.o
                0x10007524                tu_fifo_read
 .text.tu_fifo_read_n
                0x100075b8       0xd8 src/CMakeFiles/st506.dir/home/timo/.pico-sdk/sdk/2.2.0/lib/tinyusb/src/common/tusb_fifo.c.o
                0x100075b8                tu_fifo_read_n
 .text.tu_fifo_write
                0x10007690       0xa4 src/CMakeFiles/st506.dir/home/timo/.pico-sdk/sdk/2.2.0/lib/tinyusb/src/common/tusb_fifo.c.o
                0x10007690                tu_fifo_write
 .text.tu_fifo_write_n
                0x10007734      0x15c src/CMakeFiles/st506.dir/home/timo/.pico-sdk/sdk/2.2.0/lib/tinyusb/src/common/tusb_fifo.c.o
                0x10007734                tu_fifo_write_n
 .text.tu_fifo_clear
                0x10007890       0x38 src/CMakeFiles/st506.dir/home/timo/.pico-sdk/sdk/2.2.0/lib/tinyusb/src/common/tusb_fifo.c.o
                0x10007890                tu_fifo_clear
 .text.tu_fifo_set_overwritable
                0x100078c8       0x3c src/CMakeFiles/st506.dir/home/timo/.pico-sdk/sdk/2.2.0/lib/tinyusb/src/common/tusb_fifo.c.o
                0x100078c8                tu_fifo_set_overwritable
 .text.core1_trampoline
                0x10007904        0x4 src/CMakeFiles/st506.dir/home/timo/.pico-sdk/sdk/2.2.0/src/rp2_common/pico_multicore/multicore.c.o
 .text.core1_wrapper
                0x10007908       0x10 src/CMakeFiles/st506.dir/home/timo/.pico-sdk/sdk/2.2.0/src/rp2_common/pico_multicore/multicore.c.o
                0x10007908                core1_wrapper
 .text.multicore_fifo_push_timeout_us
                0x10007918       0x58 src/CMakeFiles/st506.dir/home/timo/.pico-sdk/sdk/2.2.0/src/rp2_common/pico_multicore/multicore.c.o
                0x10007918                multicore_fifo_push_timeout_us
 .text.multicore_reset_core1
                0x10007970       0x68 src/CMakeFiles/st506.dir/home/timo/.pico-sdk/sdk/2.2.0/src/rp2_common/pico_multicore/multicore.c.o
                0x10007970                multicore_reset_core1
 .text.multicore_launch_core1_raw
                0x100079d8       0x84 src/CMakeFiles/st506.dir/home/timo/.pico-sdk/sdk/2.2.0/src/rp2_common/pico_multicore/multicore.c.o
                0x100079d8                multicore_launch_core1_raw
 .text.multicore_launch_core1
                0x10007a5c       0x48 src/CMakeFiles/st506.dir/home/timo/.pico-sdk/sdk/2.2.0/src/rp2_common/pico_multicore/multicore.c.o
                0x10007a5c                multicore_launch_core1
 .text.pio_add_program
                0x10007aa4       0xf4 src/CMakeFiles/st506.dir/home/timo/.pico-sdk/sdk/2.2.0/src/rp2_common/hardware_pio/pio.c.o
                0x10007aa4                pio_add_program
 .text.pio_clear_instruction_memory
                0x10007b98       0x34 src/CMakeFiles/st506.dir/home/timo/.pico-sdk/sdk/2.2.0/src/rp2_common/hardware_pio/pio.c.o
                0x10007b98                pio_clear_instruction_memory
 .text.pio_sm_set_consecutive_pindirs
                0x10007bcc       0x8c src/CMakeFiles/st506.dir/home/timo/.pico-sdk/sdk/2.2.0/src/rp2_common/hardware_pio/pio.c.o
                0x10007bcc                pio_sm_set_consecutive_pindirs
 .text.pio_sm_init
                0x10007c58       0xa8 src/CMakeFiles/st506.dir/home/timo/.pico-sdk/sdk/2.2.0/src/rp2_common/hardware_pio/pio.c.o
                0x10007c58                pio_sm_init
 .text.dma_channel_unclaim
                0x10007d00        0xc src/CMakeFiles/st506.dir/home/timo/.pico-sdk/sdk/2.2.0/src/rp2_common/hardware_dma/dma.c.o
                0x10007d00                dma_channel_unclaim
 .text.dma_claim_unused_channel
                0x10007d0c       0x20 src/CMakeFiles/st506.dir/home/timo/.pico-sdk/sdk/2.2.0/src/rp2_common/hardware_dma/dma.c.o
                0x10007d0c                dma_claim_unused_channel
 .text.dma_channel_cleanup
                0x10007d2c       0x50 src/CMakeFiles/st506.dir/home/timo/.pico-sdk/sdk/2.2.0/src/rp2_common/hardware_dma/dma.c.o
                0x10007d2c                dma_channel_cleanup
 .text.spi_init
                0x10007d7c       0xf4 src/CMakeFiles/st506.dir/home/timo/.pico-sdk/sdk/2.2.0/src/rp2_common/hardware_spi/spi.c.o
                0x10007d7c                spi_init
 .text.lt_log   0x10007e70       0x84 src/CMakeFiles/st506.dir/__/lib/lt_logger/lt_logger.c.o
                0x10007e70                lt_log
 .text.sync_fs.constprop.0
                0x10007ef4       0xa0 src/fatfs/libfatfs.a(ff.c.o)
 .text.move_window
                0x10007f94       0x64 src/fatfs/libfatfs.a(ff.c.o)
 .text.put_fat.part.0
                0x10007ff8       0xfc src/fatfs/libfatfs.a(ff.c.o)
 .text.get_fat.isra.0
                0x100080f4       0xac src/fatfs/libfatfs.a(ff.c.o)
 .text.dir_read
                0x100081a0      0x130 src/fatfs/libfatfs.a(ff.c.o)
 .text.check_fs
                0x100082d0       0xe8 src/fatfs/libfatfs.a(ff.c.o)
 .text.mount_volume
                0x100083b8      0x270 src/fatfs/libfatfs.a(ff.c.o)
 .text.dir_sdi.constprop.0
                0x10008628      0x114 src/fatfs/libfatfs.a(ff.c.o)
 .text.follow_path
                0x1000873c      0x284 src/fatfs/libfatfs.a(ff.c.o)
 .text.create_chain
                0x100089c0      0x200 src/fatfs/libfatfs.a(ff.c.o)
 .text.dir_alloc.constprop.0
                0x10008bc0      0x230 src/fatfs/libfatfs.a(ff.c.o)
 .text.f_mount  0x10008df0       0x60 src/fatfs/libfatfs.a(ff.c.o)
                0x10008df0                f_mount
 .text.f_open   0x10008e50      0x28c src/fatfs/libfatfs.a(ff.c.o)
                0x10008e50                f_open
 .text.f_read   0x100090dc      0x1cc src/fatfs/libfatfs.a(ff.c.o)
                0x100090dc                f_read
 .text.f_write  0x100092a8      0x218 src/fatfs/libfatfs.a(ff.c.o)
                0x100092a8                f_write
 .text.f_close  0x100094c0       0xcc src/fatfs/libfatfs.a(ff.c.o)
                0x100094c0                f_close
 .text.f_lseek  0x1000958c      0x3d4 src/fatfs/libfatfs.a(ff.c.o)
                0x1000958c                f_lseek
 .text.f_getlabel
                0x10009960      0x118 src/fatfs/libfatfs.a(ff.c.o)
                0x10009960                f_getlabel
 .text.sd_init  0x10009a78      0x298 src/sdlib/libsdlib.a(sd.c.o)
                0x10009a78                sd_init
 .text.sd_read  0x10009d10       0xc0 src/sdlib/libsdlib.a(sd.c.o)
                0x10009d10                sd_read
 .text.sd_write
                0x10009dd0      0x10c src/sdlib/libsdlib.a(sd.c.o)
                0x10009dd0                sd_write
 .text.sd_spi_write_stop
                0x10009edc       0x28 src/sdlib/libsdlib.a(sd_spi.c.o)
 .text.sd_spi_read_r1
                0x10009f04       0x2c src/sdlib/libsdlib.a(sd_spi.c.o)
 .text.sd_spi_command
                0x10009f30       0x44 src/sdlib/libsdlib.a(sd_spi.c.o)
 .text.sd_spi_write_data
                0x10009f74      0x160 src/sdlib/libsdlib.a(sd_spi.c.o)
 .text.sd_spi_wait_busy
                0x1000a0d4       0x50 src/sdlib/libsdlib.a(sd_spi.c.o)
 .text.sd_spi_power_on
                0x1000a124       0x3c src/sdlib/libsdlib.a(sd_spi.c.o)
 .text.sd_spi_read_data
                0x1000a160      0x13c src/sdlib/libsdlib.a(sd_spi.c.o)
 .text.sd_spi_read_rx
                0x1000a29c       0x3c src/sdlib/libsdlib.a(sd_spi.c.o)
 .text.sd_spi_init
                0x1000a2d8      0x110 src/sdlib/libsdlib.a(sd_spi.c.o)
                0x1000a2d8                sd_spi_init
 .text.calloc   0x1000a3e8       0x10 /home/timo/.pico-sdk/toolchain/14_2_Rel1/bin/../lib/gcc/arm-none-eabi/14.2.1/../../../../arm-none-eabi/lib/thumb/v8-m.main+fp/softfp/libg.a(libc_a-calloc.o)
                0x1000a3e8                calloc
 .text._calloc_r
                0x1000a3f8       0x70 /home/timo/.pico-sdk/toolchain/14_2_Rel1/bin/../lib/gcc/arm-none-eabi/14.2.1/../../../../arm-none-eabi/lib/thumb/v8-m.main+fp/softfp/libg.a(libc_a-callocr.o)
                0x1000a3f8                _calloc_r
 .text.malloc   0x1000a468       0x10 /home/timo/.pico-sdk/toolchain/14_2_Rel1/bin/../lib/gcc/arm-none-eabi/14.2.1/../../../../arm-none-eabi/lib/thumb/v8-m.main+fp/softfp/libg.a(libc_a-malloc.o)
                0x1000a468                malloc
 .text.free     0x1000a478       0x10 /home/timo/.pico-sdk/toolchain/14_2_Rel1/bin/../lib/gcc/arm-none-eabi/14.2.1/../../../../arm-none-eabi/lib/thumb/v8-m.main+fp/softfp/libg.a(libc_a-malloc.o)
                0x1000a478                free
 .text._malloc_r
                0x1000a488      0x578 /home/timo/.pico-sdk/toolchain/14_2_Rel1/bin/../lib/gcc/arm-none-eabi/14.2.1/../../../../arm-none-eabi/lib/thumb/v8-m.main+fp/softfp/libg.a(libc_a-mallocr.o)
                0x1000a488                _malloc_r
 .text.__malloc_lock
                0x1000aa00        0xc /home/timo/.pico-sdk/toolchain/14_2_Rel1/bin/../lib/gcc/arm-none-eabi/14.2.1/../../../../arm-none-eabi/lib/thumb/v8-m.main+fp/softfp/libg.a(libc_a-mlock.o)
                0x1000aa00                __malloc_lock
 .text.__malloc_unlock
                0x1000aa0c        0xc /home/timo/.pico-sdk/toolchain/14_2_Rel1/bin/../lib/gcc/arm-none-eabi/14.2.1/../../../../arm-none-eabi/lib/thumb/v8-m.main+fp/softfp/libg.a(libc_a-mlock.o)
                0x1000aa0c                __malloc_unlock
 .text.srand    0x1000aa18       0x10 /home/timo/.pico-sdk/toolchain/14_2_Rel1/bin/../lib/gcc/arm-none-eabi/14.2.1/../../../../arm-none-eabi/lib/thumb/v8-m.main+fp/softfp/libg.a(libc_a-rand.o)
                0x1000aa18                srand
 .text.rand     0x1000aa28       0x40 /home/timo/.pico-sdk/toolchain/14_2_Rel1/bin/../lib/gcc/arm-none-eabi/14.2.1/../../../../arm-none-eabi/lib/thumb/v8-m.main+fp/softfp/libg.a(libc_a-rand.o)
                0x1000aa28                rand
 .text.memcmp   0x1000aa68       0x5c /home/timo/.pico-sdk/toolchain/14_2_Rel1/bin/../lib/gcc/arm-none-eabi/14.2.1/../../../../arm-none-eabi/lib/thumb/v8-m.main+fp/softfp/libg.a(libc_a-memcmp.o)
                0x1000aa68                memcmp
 .text.memset   0x1000aac4       0x9c /home/timo/.pico-sdk/toolchain/14_2_Rel1/bin/../lib/gcc/arm-none-eabi/14.2.1/../../../../arm-none-eabi/lib/thumb/v8-m.main+fp/softfp/libg.a(libc_a-memset.o)
                0x1000aac4                memset
 .text.strchr   0x1000ab60       0xd0 /home/timo/.pico-sdk/toolchain/14_2_Rel1/bin/../lib/gcc/arm-none-eabi/14.2.1/../../../../arm-none-eabi/lib/thumb/v8-m.main+fp/softfp/libg.a(libc_a-strchr.o)
                0x1000ab60                strchr
 .text._sbrk_r  0x1000ac30       0x24 /home/timo/.pico-sdk/toolchain/14_2_Rel1/bin/../lib/gcc/arm-none-eabi/14.2.1/../../../../arm-none-eabi/lib/thumb/v8-m.main+fp/softfp/libg.a(libc_a-sbrkr.o)
                0x1000ac30                _sbrk_r
 .text.__errno  0x1000ac54        0xc /home/timo/.pico-sdk/toolchain/14_2_Rel1/bin/../lib/gcc/arm-none-eabi/14.2.1/../../../../arm-none-eabi/lib/thumb/v8-m.main+fp/softfp/libg.a(libc_a-errno.o)
                0x1000ac54                __errno
 .text.__retarget_lock_acquire_recursive
                0x1000ac60        0x4 /home/timo/.pico-sdk/toolchain/14_2_Rel1/bin/../lib/gcc/arm-none-eabi/14.2.1/../../../../arm-none-eabi/lib/thumb/v8-m.main+fp/softfp/libg.a(libc_a-lock.o)
                0x1000ac60                __retarget_lock_acquire_recursive
 .text.__retarget_lock_release_recursive
                0x1000ac64        0x4 /home/timo/.pico-sdk/toolchain/14_2_Rel1/bin/../lib/gcc/arm-none-eabi/14.2.1/../../../../arm-none-eabi/lib/thumb/v8-m.main+fp/softfp/libg.a(libc_a-lock.o)
                0x1000ac64                __retarget_lock_release_recursive
 .text.sysconf  0x1000ac68       0x1c /home/timo/.pico-sdk/toolchain/14_2_Rel1/bin/../lib/gcc/arm-none-eabi/14.2.1/../../../../arm-none-eabi/lib/thumb/v8-m.main+fp/softfp/libg.a(libc_a-sysconf.o)
                0x1000ac68                sysconf
 .text          0x1000ac84       0xec /home/timo/.pico-sdk/toolchain/14_2_Rel1/bin/../lib/gcc/arm-none-eabi/14.2.1/../../../../arm-none-eabi/lib/thumb/v8-m.main+fp/softfp/libg.a(libc_a-memcpy.o)
                0x1000ac84                memcpy
 .text.strlen   0x1000ad70       0x5c /home/timo/.pico-sdk/toolchain/14_2_Rel1/bin/../lib/gcc/arm-none-eabi/14.2.1/../../../../arm-none-eabi/lib/thumb/v8-m.main+fp/softfp/libg.a(libc_a-strlen-stub.o)
                0x1000ad70                strlen
 .text._malloc_trim_r
                0x1000adcc       0xb8 /home/timo/.pico-sdk/toolchain/14_2_Rel1/bin/../lib/gcc/arm-none-eabi/14.2.1/../../../../arm-none-eabi/lib/thumb/v8-m.main+fp/softfp/libg.a(libc_a-freer.o)
                0x1000adcc                _malloc_trim_r
 .text._free_r  0x1000ae84      0x1e8 /home/timo/.pico-sdk/toolchain/14_2_Rel1/bin/../lib/gcc/arm-none-eabi/14.2.1/../../../../arm-none-eabi/lib/thumb/v8-m.main+fp/softfp/libg.a(libc_a-freer.o)
                0x1000ae84                _free_r
 *(.fini)
 .fini          0x1000b06c        0x4 /home/timo/.pico-sdk/toolchain/14_2_Rel1/bin/../lib/gcc/arm-none-eabi/14.2.1/thumb/v8-m.main+fp/softfp/crti.o
                0x1000b06c                _fini
 .fini.__stub   0x1000b070       0x68 linker stubs
 *crtbegin.o(.ctors)
 *crtbegin?.o(.ctors)
 *(EXCLUDE_FILE(*crtend.o *crtend?.o) .ctors)
 *(SORT_BY_NAME(.ctors.*))
 *(.ctors)
 *crtbegin.o(.dtors)
 *crtbegin?.o(.dtors)
 *(EXCLUDE_FILE(*crtend.o *crtend?.o) .dtors)
 *(SORT_BY_NAME(.dtors.*))
 *(.dtors)
                0x1000b0d8                        . = ALIGN (0x4)
                0x1000b0d8                        PROVIDE (__preinit_array_start = .)
 *(SORT_BY_NAME(.preinit_array.*))
 .preinit_array.00050
                0x1000b0d8        0x4 src/CMakeFiles/st506.dir/home/timo/.pico-sdk/sdk/2.2.0/src/rp2_common/pico_runtime_init/runtime_init.c.o
                0x1000b0d8                __pre_init_runtime_init_bootrom_reset
 .preinit_array.00100
                0x1000b0dc        0x4 src/CMakeFiles/st506.dir/home/timo/.pico-sdk/sdk/2.2.0/src/rp2_common/pico_runtime_init/runtime_init.c.o
                0x1000b0dc                __pre_init_runtime_init_early_resets
 .preinit_array.00101
                0x1000b0e0        0x4 src/CMakeFiles/st506.dir/home/timo/.pico-sdk/sdk/2.2.0/src/rp2_common/pico_runtime_init/runtime_init.c.o
                0x1000b0e0                __pre_init_runtime_init_usb_power_down
 .preinit_array.00500
                0x1000b0e4        0x4 src/CMakeFiles/st506.dir/home/timo/.pico-sdk/sdk/2.2.0/src/rp2_common/pico_runtime_init/runtime_init.c.o
                0x1000b0e4                __pre_init_runtime_init_clocks
 .preinit_array.00600
                0x1000b0e8        0x4 src/CMakeFiles/st506.dir/home/timo/.pico-sdk/sdk/2.2.0/src/rp2_common/pico_runtime_init/runtime_init.c.o
                0x1000b0e8                __pre_init_runtime_init_post_clock_resets
 .preinit_array.01000
                0x1000b0ec        0x4 src/CMakeFiles/st506.dir/home/timo/.pico-sdk/sdk/2.2.0/src/rp2_common/hardware_boot_lock/boot_lock.c.o
                0x1000b0ec                __pre_init_runtime_init_boot_locks_reset
 .preinit_array.01000
                0x1000b0f0        0x4 src/CMakeFiles/st506.dir/home/timo/.pico-sdk/sdk/2.2.0/src/rp2_common/pico_runtime_init/runtime_init.c.o
                0x1000b0f0                __pre_init_runtime_init_spin_locks_reset
 .preinit_array.01010
                0x1000b0f4        0x4 src/CMakeFiles/st506.dir/home/timo/.pico-sdk/sdk/2.2.0/src/rp2_common/pico_bootrom/bootrom_lock.c.o
                0x1000b0f4                __pre_init_runtime_init_bootrom_locking_enable
 .preinit_array.01100
                0x1000b0f8        0x4 src/CMakeFiles/st506.dir/home/timo/.pico-sdk/sdk/2.2.0/src/common/pico_sync/mutex.c.o
                0x1000b0f8                __pre_init_runtime_init_mutex
 .preinit_array.10080
                0x1000b0fc        0x4 src/CMakeFiles/st506.dir/home/timo/.pico-sdk/sdk/2.2.0/src/rp2_common/pico_runtime_init/runtime_init.c.o
                0x1000b0fc                __pre_init_runtime_init_install_ram_vector_table
 .preinit_array.11000
                0x1000b100        0x4 src/CMakeFiles/st506.dir/home/timo/.pico-sdk/sdk/2.2.0/src/common/pico_time/time.c.o
                0x1000b100                __pre_init_runtime_init_default_alarm_pool
 .preinit_array.YYYYY
                0x1000b104        0x4 src/CMakeFiles/st506.dir/home/timo/.pico-sdk/sdk/2.2.0/src/rp2_common/pico_runtime/runtime.c.o
                0x1000b104                __pre_init_first_per_core_initializer
 .preinit_array.ZZZZZ.00051
                0x1000b108        0x4 src/CMakeFiles/st506.dir/home/timo/.pico-sdk/sdk/2.2.0/src/rp2_common/pico_runtime_init/runtime_init.c.o
                0x1000b108                __pre_init_runtime_init_per_core_bootrom_reset
 .preinit_array.ZZZZZ.00200
                0x1000b10c        0x4 src/CMakeFiles/st506.dir/home/timo/.pico-sdk/sdk/2.2.0/src/rp2_common/pico_runtime_init/runtime_init.c.o
                0x1000b10c                __pre_init_runtime_init_per_core_enable_coprocessors
 .preinit_array.ZZZZZ.01000
                0x1000b110        0x4 src/CMakeFiles/st506.dir/home/timo/.pico-sdk/sdk/2.2.0/src/rp2_common/hardware_sync_spin_lock/sync_spin_lock.c.o
                0x1000b110                __pre_init_spinlock_set_extexclall
 .preinit_array.ZZZZZ.01200
                0x1000b114        0x4 src/CMakeFiles/st506.dir/home/timo/.pico-sdk/sdk/2.2.0/src/rp2_common/hardware_irq/irq.c.o
                0x1000b114                __pre_init_runtime_init_per_core_irq_priorities
 *(.preinit_array)
                0x1000b118                        PROVIDE (__preinit_array_end = .)
                0x1000b118                        . = ALIGN (0x4)
                0x1000b118                        PROVIDE (__init_array_start = .)
 *(SORT_BY_NAME(.init_array.*))
 .init_array.01000
                0x1000b118        0x4 src/CMakeFiles/st506.dir/home/timo/.pico-sdk/sdk/2.2.0/src/rp2_common/pico_unique_id/unique_id.c.o
 *(.init_array)
 .init_array    0x1000b11c        0x4 /home/timo/.pico-sdk/toolchain/14_2_Rel1/bin/../lib/gcc/arm-none-eabi/14.2.1/thumb/v8-m.main+fp/softfp/crtbegin.o
                0x1000b120                        PROVIDE (__init_array_end = .)
                0x1000b120                        . = ALIGN (0x4)
                [!provide]                        PROVIDE (__fini_array_start = .)
 *(SORT_BY_NAME(.fini_array.*))
 *(.fini_array)
                [!provide]                        PROVIDE (__fini_array_end = .)
 *(.eh_frame*)
 .eh_frame      0x1000b120        0x0 /home/timo/.pico-sdk/toolchain/14_2_Rel1/bin/../lib/gcc/arm-none-eabi/14.2.1/thumb/v8-m.main+fp/softfp/crtbegin.o
                0x1000b120                        . = ALIGN (0x4)

.glue_7         0x1000b120        0x0
 .glue_7        0x1000b120        0x0 linker stubs

.glue_7t        0x1000b120        0x0
 .glue_7t       0x1000b120        0x0 linker stubs

.vfp11_veneer   0x1000b120        0x0
 .vfp11_veneer  0x1000b120        0x0 linker stubs

.v4_bx          0x1000b120        0x0
 .v4_bx         0x1000b120        0x0 linker stubs

.iplt           0x1000b120        0x0
 .iplt          0x1000b120        0x0 /home/timo/.pico-sdk/toolchain/14_2_Rel1/bin/../lib/gcc/arm-none-eabi/14.2.1/thumb/v8-m.main+fp/softfp/crtbegin.o

.boot2          0x1000b120        0x0
                0x1000b120                        __boot2_start__ = .
 *(.boot2)
                0x1000b120                        __boot2_end__ = .
                0x00000001                        ASSERT (((__boot2_end__ - __boot2_start__) <= 0x100), ERROR: Pico second stage bootloader must be no more than 256 bytes in size)

.rodata         0x1000b120      0x85c
 *(EXCLUDE_FILE(*libm.a: *libc.a:*lib_a-mem*.o *libgcc.a:) .rodata*)
 .rodata.disk_initialize.str1.4
                0x1000b120      0x4cb src/CMakeFiles/st506.dir/diskio.c.o
                                 0x14 (size before relaxing)
 .rodata.main.str1.4
                0x1000b5eb       0xe5 src/CMakeFiles/st506.dir/pico506.c.o
 .rodata.st506_do_write.str1.4
                0x1000b5eb       0x10 src/CMakeFiles/st506.dir/st506.c.o
 .rodata.st506_start.str1.4
                0x1000b5eb       0x26 src/CMakeFiles/st506.dir/st506.c.o
 .rodata.st506_loop.str1.4
                0x1000b5eb       0x18 src/CMakeFiles/st506.dir/st506.c.o
 *fill*         0x1000b5eb        0x1 
 .rodata.st506_wrrm_program
                0x1000b5ec        0x8 src/CMakeFiles/st506.dir/st506.c.o
 .rodata.st506_wrrm_program_instructions
                0x1000b5f4        0x4 src/CMakeFiles/st506.dir/st506.c.o
 .rodata.st506_wrgt_program
                0x1000b5f8        0x8 src/CMakeFiles/st506.dir/st506.c.o
 .rodata.st506_wrgt_program_instructions
                0x1000b600        0x8 src/CMakeFiles/st506.dir/st506.c.o
 .rodata.st506_wrdt_program
                0x1000b608        0x8 src/CMakeFiles/st506.dir/st506.c.o
 .rodata.st506_wrdt_program_instructions
                0x1000b610       0x1c src/CMakeFiles/st506.dir/st506.c.o
 .rodata.st506_step_program
                0x1000b62c        0x8 src/CMakeFiles/st506.dir/st506.c.o
 .rodata.st506_step_program_instructions
                0x1000b634       0x16 src/CMakeFiles/st506.dir/st506.c.o
 *fill*         0x1000b64a        0x2 
 .rodata.st506_rdgt_program
                0x1000b64c        0x8 src/CMakeFiles/st506.dir/st506.c.o
 .rodata.st506_rdgt_program_instructions
                0x1000b654        0xa src/CMakeFiles/st506.dir/st506.c.o
 *fill*         0x1000b65e        0x2 
 .rodata.st506_rddt_program
                0x1000b660        0x8 src/CMakeFiles/st506.dir/st506.c.o
 .rodata.st506_rddt_program_instructions
                0x1000b668        0x2 src/CMakeFiles/st506.dir/st506.c.o
 .rodata.storage_init.str1.4
                0x1000b66a       0xb1 src/CMakeFiles/st506.dir/storage.c.o
 .rodata.storage_open.str1.4
                0x1000b66a       0x61 src/CMakeFiles/st506.dir/storage.c.o
 .rodata.storage_read.str1.4
                0x1000b66a       0x36 src/CMakeFiles/st506.dir/storage.c.o
 .rodata.storage_write.str1.4
                0x1000b66a       0x3b src/CMakeFiles/st506.dir/storage.c.o
 .rodata.str1.4
                0x1000b66a       0x1e src/CMakeFiles/st506.dir/storage.c.o
 *fill*         0x1000b66a        0x2 
 .rodata.CSWTCH.11
                0x1000b66c       0x10 src/CMakeFiles/st506.dir/storage.c.o
 .rodata.panic.str1.4
                0x1000b67c       0x12 src/CMakeFiles/st506.dir/home/timo/.pico-sdk/sdk/2.2.0/src/rp2_common/pico_platform_panic/panic.c.o
 .rodata.spin_lock_claim_unused.str1.4
                0x1000b67c       0x1b src/CMakeFiles/st506.dir/home/timo/.pico-sdk/sdk/2.2.0/src/rp2_common/hardware_sync/sync.c.o
 .rodata.user_irq_claim_unused.str1.4
                0x1000b67c       0x1b src/CMakeFiles/st506.dir/home/timo/.pico-sdk/sdk/2.2.0/src/rp2_common/hardware_irq/irq.c.o
 .rodata.timer_hardware_alarm_claim.str1.4
                0x1000b67c       0x22 src/CMakeFiles/st506.dir/home/timo/.pico-sdk/sdk/2.2.0/src/rp2_common/hardware_timer/timer.c.o
 .rodata.hard_assertion_failure.str1.4
                0x1000b67c        0xc src/CMakeFiles/st506.dir/home/timo/.pico-sdk/sdk/2.2.0/src/rp2_common/pico_runtime/runtime.c.o
 .rodata.__wrap_malloc.str1.4
                0x1000b67c        0xe src/CMakeFiles/st506.dir/home/timo/.pico-sdk/sdk/2.2.0/src/rp2_common/pico_malloc/malloc.c.o
 .rodata.str1.4
                0x1000b67c       0x40 src/CMakeFiles/st506.dir/home/timo/.pico-sdk/sdk/2.2.0/src/rp2_common/pico_standard_binary_info/standard_binary_info.c.o
 .rodata.__bi_84
                0x1000b67c        0xc src/CMakeFiles/st506.dir/home/timo/.pico-sdk/sdk/2.2.0/src/rp2_common/pico_standard_binary_info/standard_binary_info.c.o
 .rodata.__bi_78
                0x1000b688        0xc src/CMakeFiles/st506.dir/home/timo/.pico-sdk/sdk/2.2.0/src/rp2_common/pico_standard_binary_info/standard_binary_info.c.o
 .rodata.__bi_60
                0x1000b694        0xc src/CMakeFiles/st506.dir/home/timo/.pico-sdk/sdk/2.2.0/src/rp2_common/pico_standard_binary_info/standard_binary_info.c.o
 .rodata.__bi_54
                0x1000b6a0        0xc src/CMakeFiles/st506.dir/home/timo/.pico-sdk/sdk/2.2.0/src/rp2_common/pico_standard_binary_info/standard_binary_info.c.o
 .rodata.__bi_48
                0x1000b6ac        0xc src/CMakeFiles/st506.dir/home/timo/.pico-sdk/sdk/2.2.0/src/rp2_common/pico_standard_binary_info/standard_binary_info.c.o
 .rodata.__bi_42
                0x1000b6b8        0xc src/CMakeFiles/st506.dir/home/timo/.pico-sdk/sdk/2.2.0/src/rp2_common/pico_standard_binary_info/standard_binary_info.c.o
 .rodata.__bi_34
                0x1000b6c4        0xc src/CMakeFiles/st506.dir/home/timo/.pico-sdk/sdk/2.2.0/src/rp2_common/pico_standard_binary_info/standard_binary_info.c.o
 .rodata.__bi_26
                0x1000b6d0        0xc src/CMakeFiles/st506.dir/home/timo/.pico-sdk/sdk/2.2.0/src/rp2_common/pico_standard_binary_info/standard_binary_info.c.o
 .rodata._ftoa.str1.4
                0x1000b6dc       0x15 src/CMakeFiles/st506.dir/home/timo/.pico-sdk/sdk/2.2.0/src/rp2_common/pico_printf/printf.c.o
 *fill*         0x1000b6dc        0x4 
 .rodata.pow10.0
                0x1000b6e0       0x50 src/CMakeFiles/st506.dir/home/timo/.pico-sdk/sdk/2.2.0/src/rp2_common/pico_printf/printf.c.o
 .rodata.crlf_str.0
                0x1000b730        0x2 src/CMakeFiles/st506.dir/home/timo/.pico-sdk/sdk/2.2.0/src/rp2_common/pico_stdio/stdio.c.o
 *fill*         0x1000b732        0x2 
 .rodata._resetd_driver
                0x1000b734       0x20 src/CMakeFiles/st506.dir/home/timo/.pico-sdk/sdk/2.2.0/src/rp2_common/pico_stdio_usb/reset_interface.c.o
 .rodata.desc_ms_os_20
                0x1000b754       0xa6 src/CMakeFiles/st506.dir/home/timo/.pico-sdk/sdk/2.2.0/src/rp2_common/pico_stdio_usb/reset_interface.c.o
 *fill*         0x1000b7fa        0x2 
 .rodata.desc_bos
                0x1000b7fc       0x21 src/CMakeFiles/st506.dir/home/timo/.pico-sdk/sdk/2.2.0/src/rp2_common/pico_stdio_usb/reset_interface.c.o
                0x1000b7fc                desc_bos
 .rodata.str1.4
                0x1000b81d       0x13 src/CMakeFiles/st506.dir/home/timo/.pico-sdk/sdk/2.2.0/src/rp2_common/pico_stdio_usb/stdio_usb.c.o
 *fill*         0x1000b81d        0x3 
 .rodata.__bi_202.0
                0x1000b820        0xc src/CMakeFiles/st506.dir/home/timo/.pico-sdk/sdk/2.2.0/src/rp2_common/pico_stdio_usb/stdio_usb.c.o
 .rodata.str1.4
                0x1000b82c       0x2a src/CMakeFiles/st506.dir/home/timo/.pico-sdk/sdk/2.2.0/src/rp2_common/pico_stdio_usb/stdio_usb_descriptors.c.o
 .rodata.usbd_desc_str
                0x1000b82c       0x18 src/CMakeFiles/st506.dir/home/timo/.pico-sdk/sdk/2.2.0/src/rp2_common/pico_stdio_usb/stdio_usb_descriptors.c.o
 .rodata.usbd_desc_cfg
                0x1000b844       0x54 src/CMakeFiles/st506.dir/home/timo/.pico-sdk/sdk/2.2.0/src/rp2_common/pico_stdio_usb/stdio_usb_descriptors.c.o
 .rodata.usbd_desc_device
                0x1000b898       0x12 src/CMakeFiles/st506.dir/home/timo/.pico-sdk/sdk/2.2.0/src/rp2_common/pico_stdio_usb/stdio_usb_descriptors.c.o
 .rodata.str1.4
                0x1000b8aa       0x14 src/CMakeFiles/st506.dir/home/timo/.pico-sdk/sdk/2.2.0/lib/tinyusb/src/portable/raspberrypi/rp2040/dcd_rp2040.c.o
 .rodata.str1.4
                0x1000b8aa       0x48 src/CMakeFiles/st506.dir/home/timo/.pico-sdk/sdk/2.2.0/lib/tinyusb/src/portable/raspberrypi/rp2040/rp2040_usb.c.o
 *fill*         0x1000b8aa        0x2 
 .rodata._usbd_driver
                0x1000b8ac       0x40 src/CMakeFiles/st506.dir/home/timo/.pico-sdk/sdk/2.2.0/lib/tinyusb/src/device/usbd.c.o
 .rodata.dma_claim_unused_channel.str1.4
                0x1000b8ec       0x1e src/CMakeFiles/st506.dir/home/timo/.pico-sdk/sdk/2.2.0/src/rp2_common/hardware_dma/dma.c.o
 .rodata.lt_log.str1.4
                0x1000b8ec       0x1c src/CMakeFiles/st506.dir/__/lib/lt_logger/lt_logger.c.o
 .rodata.colors
                0x1000b8ec        0x6 src/CMakeFiles/st506.dir/__/lib/lt_logger/lt_logger.c.o
 *fill*         0x1000b8f2        0x2 
 .rodata.levels
                0x1000b8f4        0x6 src/CMakeFiles/st506.dir/__/lib/lt_logger/lt_logger.c.o
 .rodata.check_fs.str1.4
                0x1000b8fa        0x9 src/fatfs/libfatfs.a(ff.c.o)
 .rodata.follow_path.str1.4
                0x1000b8fa        0xf src/fatfs/libfatfs.a(ff.c.o)
 *fill*         0x1000b8fa        0x2 
 .rodata.ExCvt  0x1000b8fc       0x80 src/fatfs/libfatfs.a(ff.c.o)
 *(.srodata*)
                0x1000b97c                        . = ALIGN (0x4)
 *(SORT_BY_ALIGNMENT(SORT_BY_NAME(.flashdata*)))
                0x1000b97c                        . = ALIGN (0x4)

.ARM.extab
 *(.ARM.extab* .gnu.linkonce.armextab.*)
                0x1000b97c                        __exidx_start = .

.ARM.exidx      0x1000b97c        0x8
 *(.ARM.exidx* .gnu.linkonce.armexidx.*)
 .ARM.exidx     0x1000b97c        0x8 /home/timo/.pico-sdk/toolchain/14_2_Rel1/bin/../lib/gcc/arm-none-eabi/14.2.1/../../../../arm-none-eabi/lib/thumb/v8-m.main+fp/softfp/libg.a(libc_a-memcpy.o)
 .ARM.exidx.text.__udivmoddi4
                0x1000b984        0x0 /home/timo/.pico-sdk/toolchain/14_2_Rel1/bin/../lib/gcc/arm-none-eabi/14.2.1/thumb/v8-m.main+fp/softfp/libgcc.a(_udivmoddi4.o)
                                  0x8 (size before relaxing)
                0x1000b984                        __exidx_end = .
                0x1000b984                        . = ALIGN (0x4)
                0x1000b984                        __binary_info_start = .

.binary_info    0x1000b984       0x24
 *(.binary_info.keep.*)
 .binary_info.keep.__bi_ptr84
                0x1000b984        0x4 src/CMakeFiles/st506.dir/home/timo/.pico-sdk/sdk/2.2.0/src/rp2_common/pico_standard_binary_info/standard_binary_info.c.o
 .binary_info.keep.__bi_ptr78
                0x1000b988        0x4 src/CMakeFiles/st506.dir/home/timo/.pico-sdk/sdk/2.2.0/src/rp2_common/pico_standard_binary_info/standard_binary_info.c.o
 .binary_info.keep.__bi_ptr60
                0x1000b98c        0x4 src/CMakeFiles/st506.dir/home/timo/.pico-sdk/sdk/2.2.0/src/rp2_common/pico_standard_binary_info/standard_binary_info.c.o
 .binary_info.keep.__bi_ptr54
                0x1000b990        0x4 src/CMakeFiles/st506.dir/home/timo/.pico-sdk/sdk/2.2.0/src/rp2_common/pico_standard_binary_info/standard_binary_info.c.o
 .binary_info.keep.__bi_ptr48
                0x1000b994        0x4 src/CMakeFiles/st506.dir/home/timo/.pico-sdk/sdk/2.2.0/src/rp2_common/pico_standard_binary_info/standard_binary_info.c.o
 .binary_info.keep.__bi_ptr42
                0x1000b998        0x4 src/CMakeFiles/st506.dir/home/timo/.pico-sdk/sdk/2.2.0/src/rp2_common/pico_standard_binary_info/standard_binary_info.c.o
 .binary_info.keep.__bi_ptr34
                0x1000b99c        0x4 src/CMakeFiles/st506.dir/home/timo/.pico-sdk/sdk/2.2.0/src/rp2_common/pico_standard_binary_info/standard_binary_info.c.o
 .binary_info.keep.__bi_ptr26
                0x1000b9a0        0x4 src/CMakeFiles/st506.dir/home/timo/.pico-sdk/sdk/2.2.0/src/rp2_common/pico_standard_binary_info/standard_binary_info.c.o
 *(.binary_info.*)
 .binary_info.__bi_ptr202
                0x1000b9a4        0x4 src/CMakeFiles/st506.dir/home/timo/.pico-sdk/sdk/2.2.0/src/rp2_common/pico_stdio_usb/stdio_usb.c.o
                0x1000b9a8                        __binary_info_end = .
                0x1000b9a8                        . = ALIGN (0x4)

.ram_vector_table
                0x20000000      0x110
 *(.ram_vector_table)
 .ram_vector_table
                0x20000000      0x110 src/CMakeFiles/st506.dir/home/timo/.pico-sdk/sdk/2.2.0/src/rp2_common/pico_runtime_init/runtime_init.c.o
                0x20000000                ram_vector_table

.uninitialized_data
                0x20000110        0x0
                0x20000110                        . = ALIGN (0x4)
 *(.uninitialized_data*)

.data           0x20000110     0x1838 load address 0x1000b9a8
                0x20000110                        __data_start__ = .
 *(vtable)
 *(.time_critical*)
 .time_critical.mutex_enter_blocking
                0x20000110       0x80 src/CMakeFiles/st506.dir/home/timo/.pico-sdk/sdk/2.2.0/src/common/pico_sync/mutex.c.o
                0x20000110                mutex_enter_blocking
 .time_critical.mutex_try_enter
                0x20000190       0x50 src/CMakeFiles/st506.dir/home/timo/.pico-sdk/sdk/2.2.0/src/common/pico_sync/mutex.c.o
                0x20000190                mutex_try_enter
 .time_critical.mutex_enter_block_until
                0x200001e0       0x6c src/CMakeFiles/st506.dir/home/timo/.pico-sdk/sdk/2.2.0/src/common/pico_sync/mutex.c.o
                0x200001e0                mutex_enter_block_until
 .time_critical.mutex_try_enter_block_until
                0x2000024c       0x68 src/CMakeFiles/st506.dir/home/timo/.pico-sdk/sdk/2.2.0/src/common/pico_sync/mutex.c.o
                0x2000024c                mutex_try_enter_block_until
 .time_critical.mutex_enter_timeout_ms
                0x200002b4       0x38 src/CMakeFiles/st506.dir/home/timo/.pico-sdk/sdk/2.2.0/src/common/pico_sync/mutex.c.o
                0x200002b4                mutex_enter_timeout_ms
 .time_critical.mutex_exit
                0x200002ec       0x3c src/CMakeFiles/st506.dir/home/timo/.pico-sdk/sdk/2.2.0/src/common/pico_sync/mutex.c.o
                0x200002ec                mutex_exit
 .time_critical.reset_non_control_endpoints
                0x20000328       0x64 src/CMakeFiles/st506.dir/home/timo/.pico-sdk/sdk/2.2.0/lib/tinyusb/src/portable/raspberrypi/rp2040/dcd_rp2040.c.o
 .time_critical.hw_handle_buff_status
                0x2000038c       0x90 src/CMakeFiles/st506.dir/home/timo/.pico-sdk/sdk/2.2.0/lib/tinyusb/src/portable/raspberrypi/rp2040/dcd_rp2040.c.o
 .time_critical.dcd_rp2040_irq
                0x2000041c      0x530 src/CMakeFiles/st506.dir/home/timo/.pico-sdk/sdk/2.2.0/lib/tinyusb/src/portable/raspberrypi/rp2040/dcd_rp2040.c.o
 .time_critical.prepare_ep_buffer
                0x2000094c       0xc0 src/CMakeFiles/st506.dir/home/timo/.pico-sdk/sdk/2.2.0/lib/tinyusb/src/portable/raspberrypi/rp2040/rp2040_usb.c.o
 .time_critical.sync_ep_buffer
                0x20000a0c       0xb4 src/CMakeFiles/st506.dir/home/timo/.pico-sdk/sdk/2.2.0/lib/tinyusb/src/portable/raspberrypi/rp2040/rp2040_usb.c.o
 .time_critical._hw_endpoint_xfer_sync
                0x20000ac0       0x2c src/CMakeFiles/st506.dir/home/timo/.pico-sdk/sdk/2.2.0/lib/tinyusb/src/portable/raspberrypi/rp2040/rp2040_usb.c.o
 .time_critical.e15_is_bulkin_ep
                0x20000aec       0x28 src/CMakeFiles/st506.dir/home/timo/.pico-sdk/sdk/2.2.0/lib/tinyusb/src/portable/raspberrypi/rp2040/rp2040_usb.c.o
 .time_critical.e15_is_critical_frame_period
                0x20000b14       0x28 src/CMakeFiles/st506.dir/home/timo/.pico-sdk/sdk/2.2.0/lib/tinyusb/src/portable/raspberrypi/rp2040/rp2040_usb.c.o
 .time_critical.hw_endpoint_reset_transfer
                0x20000b3c        0xc src/CMakeFiles/st506.dir/home/timo/.pico-sdk/sdk/2.2.0/lib/tinyusb/src/portable/raspberrypi/rp2040/rp2040_usb.c.o
                0x20000b3c                hw_endpoint_reset_transfer
 .time_critical._hw_endpoint_buffer_control_update32
                0x20000b48       0x44 src/CMakeFiles/st506.dir/home/timo/.pico-sdk/sdk/2.2.0/lib/tinyusb/src/portable/raspberrypi/rp2040/rp2040_usb.c.o
                0x20000b48                _hw_endpoint_buffer_control_update32
 .time_critical.hw_endpoint_start_next_buffer
                0x20000b8c       0x64 src/CMakeFiles/st506.dir/home/timo/.pico-sdk/sdk/2.2.0/lib/tinyusb/src/portable/raspberrypi/rp2040/rp2040_usb.c.o
                0x20000b8c                hw_endpoint_start_next_buffer
 .time_critical.hw_endpoint_xfer_continue
                0x20000bf0       0x3c src/CMakeFiles/st506.dir/home/timo/.pico-sdk/sdk/2.2.0/lib/tinyusb/src/portable/raspberrypi/rp2040/rp2040_usb.c.o
                0x20000bf0                hw_endpoint_xfer_continue
 .time_critical.tinyusb
                0x20000c2c      0x224 src/CMakeFiles/st506.dir/home/timo/.pico-sdk/sdk/2.2.0/lib/tinyusb/src/device/usbd.c.o
                0x20000c2c                dcd_event_handler
 .time_critical.spi_write_blocking
                0x20000e50       0x90 src/CMakeFiles/st506.dir/home/timo/.pico-sdk/sdk/2.2.0/src/rp2_common/hardware_spi/spi.c.o
                0x20000e50                spi_write_blocking
 .time_critical.spi_read_blocking
                0x20000ee0       0x88 src/CMakeFiles/st506.dir/home/timo/.pico-sdk/sdk/2.2.0/src/rp2_common/hardware_spi/spi.c.o
                0x20000ee0                spi_read_blocking
 *(.text*)
 .text          0x20000f68       0x30 /home/timo/.pico-sdk/toolchain/14_2_Rel1/bin/../lib/gcc/arm-none-eabi/14.2.1/thumb/v8-m.main+fp/softfp/libgcc.a(_aeabi_uldivmod.o)
                0x20000f68                __aeabi_uldivmod
 .text.__udivmoddi4
                0x20000f98      0x34c /home/timo/.pico-sdk/toolchain/14_2_Rel1/bin/../lib/gcc/arm-none-eabi/14.2.1/thumb/v8-m.main+fp/softfp/libgcc.a(_udivmoddi4.o)
                0x20000f98                __udivmoddi4
 .text          0x200012e4        0x4 /home/timo/.pico-sdk/toolchain/14_2_Rel1/bin/../lib/gcc/arm-none-eabi/14.2.1/thumb/v8-m.main+fp/softfp/libgcc.a(_dvmd_tls.o)
                0x200012e4                __aeabi_ldiv0
                0x200012e4                __aeabi_idiv0
 .text.__stub   0x200012e8       0x30 linker stubs
                0x20001318                        . = ALIGN (0x4)
 *(.rodata*)
                0x20001318                        . = ALIGN (0x4)
 *(.data*)
 .data.st506_wrgt_trig_chan
                0x20001318        0x4 src/CMakeFiles/st506.dir/st506.c.o
 .data.st506_wrgt_work_chan
                0x2000131c        0x4 src/CMakeFiles/st506.dir/st506.c.o
 .data.st506_wrgt_ctrl_chan
                0x20001320        0x4 src/CMakeFiles/st506.dir/st506.c.o
 .data.st506_wrdt_chan
                0x20001324        0x4 src/CMakeFiles/st506.dir/st506.c.o
 .data.st506_step_chan
                0x20001328        0x4 src/CMakeFiles/st506.dir/st506.c.o
 .data.st506_rdgt_ctrl_addr
                0x2000132c        0x4 src/CMakeFiles/st506.dir/st506.c.o
 .data.st506_rdgt_trig_chan
                0x20001330        0x4 src/CMakeFiles/st506.dir/st506.c.o
 .data.st506_rdgt_work_chan
                0x20001334        0x4 src/CMakeFiles/st506.dir/st506.c.o
 .data.st506_rdgt_ctrl_chan
                0x20001338        0x4 src/CMakeFiles/st506.dir/st506.c.o
 .data.st506_rdgt_chan
                0x2000133c        0x4 src/CMakeFiles/st506.dir/st506.c.o
 .data.st506_rddt_chan
                0x20001340        0x4 src/CMakeFiles/st506.dir/st506.c.o
 .data.striped_spin_lock_num
                0x20001344        0x1 src/CMakeFiles/st506.dir/home/timo/.pico-sdk/sdk/2.2.0/src/rp2_common/hardware_sync/sync.c.o
 *fill*         0x20001345        0x3 
 .data          0x20001348       0x48 src/CMakeFiles/st506.dir/home/timo/.pico-sdk/sdk/2.2.0/src/rp2_common/hardware_irq/irq_handler_chain.S.o
                0x20001348                irq_handler_chain_slots
                0x20001378                irq_handler_chain_first_slot
                0x20001382                irq_handler_chain_remove_tail
 .data.default_alarm_pool
                0x20001390       0x18 src/CMakeFiles/st506.dir/home/timo/.pico-sdk/sdk/2.2.0/src/common/pico_time/time.c.o
 .data.stdio_usb
                0x200013a8       0x18 src/CMakeFiles/st506.dir/home/timo/.pico-sdk/sdk/2.2.0/src/rp2_common/pico_stdio_usb/stdio_usb.c.o
                0x200013a8                stdio_usb
 .data._usbd_qdef
                0x200013c0       0x1c src/CMakeFiles/st506.dir/home/timo/.pico-sdk/sdk/2.2.0/lib/tinyusb/src/device/usbd.c.o
                0x200013c0                _usbd_qdef
 .data._usbd_rhport
                0x200013dc        0x1 src/CMakeFiles/st506.dir/home/timo/.pico-sdk/sdk/2.2.0/lib/tinyusb/src/device/usbd.c.o
 .data.fill.0   0x200013dd        0x1 src/sdlib/libsdlib.a(sd_spi.c.o)
 *fill*         0x200013de        0x2 
 .data.__malloc_sbrk_base
                0x200013e0        0x4 /home/timo/.pico-sdk/toolchain/14_2_Rel1/bin/../lib/gcc/arm-none-eabi/14.2.1/../../../../arm-none-eabi/lib/thumb/v8-m.main+fp/softfp/libg.a(libc_a-mallocr.o)
                0x200013e0                __malloc_sbrk_base
 .data.__malloc_trim_threshold
                0x200013e4        0x4 /home/timo/.pico-sdk/toolchain/14_2_Rel1/bin/../lib/gcc/arm-none-eabi/14.2.1/../../../../arm-none-eabi/lib/thumb/v8-m.main+fp/softfp/libg.a(libc_a-mallocr.o)
                0x200013e4                __malloc_trim_threshold
 .data.__malloc_av_
                0x200013e8      0x408 /home/timo/.pico-sdk/toolchain/14_2_Rel1/bin/../lib/gcc/arm-none-eabi/14.2.1/../../../../arm-none-eabi/lib/thumb/v8-m.main+fp/softfp/libg.a(libc_a-mallocr.o)
                0x200013e8                __malloc_av_
 .data._impure_ptr
                0x200017f0        0x4 /home/timo/.pico-sdk/toolchain/14_2_Rel1/bin/../lib/gcc/arm-none-eabi/14.2.1/../../../../arm-none-eabi/lib/thumb/v8-m.main+fp/softfp/libg.a(libc_a-impure.o)
                0x200017f0                _impure_ptr
 *fill*         0x200017f4        0x4 
 .data._impure_data
                0x200017f8      0x140 /home/timo/.pico-sdk/toolchain/14_2_Rel1/bin/../lib/gcc/arm-none-eabi/14.2.1/../../../../arm-none-eabi/lib/thumb/v8-m.main+fp/softfp/libg.a(libc_a-impure.o)
                0x200017f8                _impure_data
 *(.sdata*)
                0x20001938                        . = ALIGN (0x4)
 *(.after_data.*)
                0x20001938                        . = ALIGN (0x4)
                0x20001938                        PROVIDE (__mutex_array_start = .)
 *(SORT_BY_NAME(.mutex_array.*))
 *(.mutex_array)